Archive member included to satisfy reference by file (symbol)

C:\work\workspace_stm\nucleo-f446re_stdperiph_lib\Debug\libnucleo-f446re_stdperiph_lib.a(misc.o)
                              src/keys_handler.o (NVIC_Init)
C:\work\workspace_stm\nucleo-f446re_stdperiph_lib\Debug\libnucleo-f446re_stdperiph_lib.a(stm32f4xx_exti.o)
                              src/keys_handler.o (EXTI_Init)
C:\work\workspace_stm\nucleo-f446re_stdperiph_lib\Debug\libnucleo-f446re_stdperiph_lib.a(stm32f4xx_gpio.o)
                              src/spi.o (GPIO_DeInit)
C:\work\workspace_stm\nucleo-f446re_stdperiph_lib\Debug\libnucleo-f446re_stdperiph_lib.a(stm32f4xx_rcc.o)
                              src/keys_handler.o (RCC_AHB1PeriphClockCmd)
C:\work\workspace_stm\nucleo-f446re_stdperiph_lib\Debug\libnucleo-f446re_stdperiph_lib.a(stm32f4xx_spi.o)
                              src/spi.o (SPI_I2S_DeInit)
C:\work\workspace_stm\nucleo-f446re_stdperiph_lib\Debug\libnucleo-f446re_stdperiph_lib.a(stm32f4xx_syscfg.o)
                              src/keys_handler.o (SYSCFG_EXTILineConfig)
c:/ac6/systemworkbench/plugins/fr.ac6.mcu.externaltools.arm-none.win32_1.17.0.201812190825/tools/compiler/bin/../lib/gcc/arm-none-eabi/7.3.1/../../../../arm-none-eabi/lib/thumb/v7e-m/fpv4-sp/hard\libc.a(lib_a-errno.o)
                              src/syscalls.o (__errno)
c:/ac6/systemworkbench/plugins/fr.ac6.mcu.externaltools.arm-none.win32_1.17.0.201812190825/tools/compiler/bin/../lib/gcc/arm-none-eabi/7.3.1/../../../../arm-none-eabi/lib/thumb/v7e-m/fpv4-sp/hard\libc.a(lib_a-exit.o)
                              c:/ac6/systemworkbench/plugins/fr.ac6.mcu.externaltools.arm-none.win32_1.17.0.201812190825/tools/compiler/bin/../lib/gcc/arm-none-eabi/7.3.1/../../../../arm-none-eabi/lib/thumb/v7e-m/fpv4-sp/hard/crt0.o (exit)
c:/ac6/systemworkbench/plugins/fr.ac6.mcu.externaltools.arm-none.win32_1.17.0.201812190825/tools/compiler/bin/../lib/gcc/arm-none-eabi/7.3.1/../../../../arm-none-eabi/lib/thumb/v7e-m/fpv4-sp/hard\libc.a(lib_a-impure.o)
                              c:/ac6/systemworkbench/plugins/fr.ac6.mcu.externaltools.arm-none.win32_1.17.0.201812190825/tools/compiler/bin/../lib/gcc/arm-none-eabi/7.3.1/../../../../arm-none-eabi/lib/thumb/v7e-m/fpv4-sp/hard\libc.a(lib_a-exit.o) (_global_impure_ptr)
c:/ac6/systemworkbench/plugins/fr.ac6.mcu.externaltools.arm-none.win32_1.17.0.201812190825/tools/compiler/bin/../lib/gcc/arm-none-eabi/7.3.1/../../../../arm-none-eabi/lib/thumb/v7e-m/fpv4-sp/hard\libc.a(lib_a-init.o)
                              c:/ac6/systemworkbench/plugins/fr.ac6.mcu.externaltools.arm-none.win32_1.17.0.201812190825/tools/compiler/bin/../lib/gcc/arm-none-eabi/7.3.1/../../../../arm-none-eabi/lib/thumb/v7e-m/fpv4-sp/hard/crt0.o (__libc_init_array)
c:/ac6/systemworkbench/plugins/fr.ac6.mcu.externaltools.arm-none.win32_1.17.0.201812190825/tools/compiler/bin/../lib/gcc/arm-none-eabi/7.3.1/../../../../arm-none-eabi/lib/thumb/v7e-m/fpv4-sp/hard\libc.a(lib_a-memcpy.o)
                              src/FreeRTOS/queue.o (memcpy)
c:/ac6/systemworkbench/plugins/fr.ac6.mcu.externaltools.arm-none.win32_1.17.0.201812190825/tools/compiler/bin/../lib/gcc/arm-none-eabi/7.3.1/../../../../arm-none-eabi/lib/thumb/v7e-m/fpv4-sp/hard\libc.a(lib_a-memset.o)
                              c:/ac6/systemworkbench/plugins/fr.ac6.mcu.externaltools.arm-none.win32_1.17.0.201812190825/tools/compiler/bin/../lib/gcc/arm-none-eabi/7.3.1/../../../../arm-none-eabi/lib/thumb/v7e-m/fpv4-sp/hard/crt0.o (memset)
c:/ac6/systemworkbench/plugins/fr.ac6.mcu.externaltools.arm-none.win32_1.17.0.201812190825/tools/compiler/bin/../lib/gcc/arm-none-eabi/7.3.1/../../../../arm-none-eabi/lib/thumb/v7e-m/fpv4-sp/hard\libc.a(lib_a-sprintf.o)
                              src/FreeRTOS/tasks.o (sprintf)
c:/ac6/systemworkbench/plugins/fr.ac6.mcu.externaltools.arm-none.win32_1.17.0.201812190825/tools/compiler/bin/../lib/gcc/arm-none-eabi/7.3.1/../../../../arm-none-eabi/lib/thumb/v7e-m/fpv4-sp/hard\libc.a(lib_a-strcpy.o)
                              src/FreeRTOS/tasks.o (strcpy)
c:/ac6/systemworkbench/plugins/fr.ac6.mcu.externaltools.arm-none.win32_1.17.0.201812190825/tools/compiler/bin/../lib/gcc/arm-none-eabi/7.3.1/../../../../arm-none-eabi/lib/thumb/v7e-m/fpv4-sp/hard\libc.a(lib_a-strlen.o)
                              src/FreeRTOS/tasks.o (strlen)
c:/ac6/systemworkbench/plugins/fr.ac6.mcu.externaltools.arm-none.win32_1.17.0.201812190825/tools/compiler/bin/../lib/gcc/arm-none-eabi/7.3.1/../../../../arm-none-eabi/lib/thumb/v7e-m/fpv4-sp/hard\libc.a(lib_a-svfprintf.o)
                              c:/ac6/systemworkbench/plugins/fr.ac6.mcu.externaltools.arm-none.win32_1.17.0.201812190825/tools/compiler/bin/../lib/gcc/arm-none-eabi/7.3.1/../../../../arm-none-eabi/lib/thumb/v7e-m/fpv4-sp/hard\libc.a(lib_a-sprintf.o) (_svfprintf_r)
[...]
Memory Configuration

Name             Origin             Length             Attributes
RAM              0x20000000         0x00020000         xrw
ROM              0x08000000         0x00080000         xr
*default*        0x00000000         0xffffffff

Linker script and memory map

LOAD c:/ac6/systemworkbench/plugins/fr.ac6.mcu.externaltools.arm-none.win32_1.17.0.201812190825/tools/compiler/bin/../lib/gcc/arm-none-eabi/7.3.1/thumb/v7e-m/fpv4-sp/hard/crti.o
LOAD c:/ac6/systemworkbench/plugins/fr.ac6.mcu.externaltools.arm-none.win32_1.17.0.201812190825/tools/compiler/bin/../lib/gcc/arm-none-eabi/7.3.1/thumb/v7e-m/fpv4-sp/hard/crtbegin.o
LOAD c:/ac6/systemworkbench/plugins/fr.ac6.mcu.externaltools.arm-none.win32_1.17.0.201812190825/tools/compiler/bin/../lib/gcc/arm-none-eabi/7.3.1/../../../../arm-none-eabi/lib/thumb/v7e-m/fpv4-sp/hard/crt0.o
LOAD src/FreeRTOS/croutine.o
LOAD src/FreeRTOS/event_groups.o
LOAD src/FreeRTOS/list.o
LOAD src/FreeRTOS/queue.o
LOAD src/FreeRTOS/stream_buffer.o
LOAD src/FreeRTOS/tasks.o
LOAD src/FreeRTOS/timers.o
LOAD src/FreeRTOS/portable/GCC/ARM_CM4F/port.o
LOAD src/FreeRTOS/portable/MemMang/heap_4.o
LOAD src/keys_handler.o
LOAD src/main.o
LOAD src/spi.o
LOAD src/syscalls.o
LOAD src/system_stm32f4xx.o
LOAD src/task_handler.o
LOAD src/tetris_handler.o
LOAD src/lcd/lcd.o
LOAD src/lcd/st7735_cmd.o
LOAD startup/startup_stm32.o
LOAD C:\work\workspace_stm\nucleo-f446re_stdperiph_lib\Debug\libnucleo-f446re_stdperiph_lib.a
LOAD c:/ac6/systemworkbench/plugins/fr.ac6.mcu.externaltools.arm-none.win32_1.17.0.201812190825/tools/compiler/bin/../lib/gcc/arm-none-eabi/7.3.1/../../../../arm-none-eabi/lib/thumb/v7e-m/fpv4-sp/hard\libm.a
START GROUP
LOAD c:/ac6/systemworkbench/plugins/fr.ac6.mcu.externaltools.arm-none.win32_1.17.0.201812190825/tools/compiler/bin/../lib/gcc/arm-none-eabi/7.3.1/thumb/v7e-m/fpv4-sp/hard\libgcc.a
LOAD c:/ac6/systemworkbench/plugins/fr.ac6.mcu.externaltools.arm-none.win32_1.17.0.201812190825/tools/compiler/bin/../lib/gcc/arm-none-eabi/7.3.1/../../../../arm-none-eabi/lib/thumb/v7e-m/fpv4-sp/hard\libc.a
END GROUP
LOAD c:/ac6/systemworkbench/plugins/fr.ac6.mcu.externaltools.arm-none.win32_1.17.0.201812190825/tools/compiler/bin/../lib/gcc/arm-none-eabi/7.3.1/thumb/v7e-m/fpv4-sp/hard/crtend.o
LOAD c:/ac6/systemworkbench/plugins/fr.ac6.mcu.externaltools.arm-none.win32_1.17.0.201812190825/tools/compiler/bin/../lib/gcc/arm-none-eabi/7.3.1/thumb/v7e-m/fpv4-sp/hard/crtn.o
                0x20020000                _estack = 0x20020000
                0x00000000                _Min_Heap_Size = 0x0
                0x00000400                _Min_Stack_Size = 0x400

.isr_vector     0x08000000      0x1c4
                0x08000000                . = ALIGN (0x4)
 *(.isr_vector)
 .isr_vector    0x08000000      0x1c4 startup/startup_stm32.o
                0x08000000                g_pfnVectors
                0x080001c4                . = ALIGN (0x4)

.text           0x080001d0     0x1ecc
                0x080001d0                . = ALIGN (0x4)
 *(.text)
 .text          0x080001d0       0x40 c:/ac6/systemworkbench/plugins/fr.ac6.mcu.externaltools.arm-none.win32_1.17.0.201812190825/tools/compiler/bin/../lib/gcc/arm-none-eabi/7.3.1/thumb/v7e-m/fpv4-sp/hard/crtbegin.o
 *(.text*)
 .text.vListInitialise
                0x08000210       0x40 src/FreeRTOS/list.o
                0x08000210                vListInitialise
 .text.vListInitialiseItem
                0x08000250       0x1a src/FreeRTOS/list.o
                0x08000250                vListInitialiseItem
 .text.vListInsertEnd
                0x0800026a       0x48 src/FreeRTOS/list.o
                0x0800026a                vListInsertEnd
 .text.vListInsert
                0x080002b2       0x72 src/FreeRTOS/list.o
                0x080002b2                vListInsert
 .text.uxListRemove
                0x08000324       0x54 src/FreeRTOS/list.o
                0x08000324                uxListRemove
 .text.xTaskCreate
                0x08000378       0x82 src/FreeRTOS/tasks.o
                0x08000378                xTaskCreate
 .text.prvInitialiseNewTask
                0x080003fa      0x104 src/FreeRTOS/tasks.o
 *fill*         0x080004fe        0x2 
 .text.prvAddNewTaskToReadyList
                0x08000500       0xdc src/FreeRTOS/tasks.o
 .text.vTaskDelayUntil
                0x080005dc       0xa0 src/FreeRTOS/tasks.o
                0x080005dc                vTaskDelayUntil
 .text.vTaskStartScheduler
                0x0800067c       0x78 src/FreeRTOS/tasks.o
                0x0800067c                vTaskStartScheduler
 .text.vTaskSuspendAll
                0x080006f4       0x1c src/FreeRTOS/tasks.o
                0x080006f4                vTaskSuspendAll
 .text.xTaskResumeAll
                0x08000710      0x11c src/FreeRTOS/tasks.o
                0x08000710                xTaskResumeAll
 .text.xTaskGetTickCount
                0x0800082c       0x20 src/FreeRTOS/tasks.o
                0x0800082c                xTaskGetTickCount
 .text.xTaskIncrementTick
                0x0800084c      0x150 src/FreeRTOS/tasks.o
                0x0800084c                xTaskIncrementTick
 .text.vTaskSwitchContext
                0x0800099c       0xc8 src/FreeRTOS/tasks.o
                0x0800099c                vTaskSwitchContext
 .text.prvIdleTask
                0x08000a64       0x30 src/FreeRTOS/tasks.o
 .text.prvInitialiseTaskLists
                0x08000a94       0x74 src/FreeRTOS/tasks.o
 .text.prvCheckTasksWaitingTermination
                0x08000b08        0xe src/FreeRTOS/tasks.o
 *fill*         0x08000b16        0x2 
 .text.prvResetNextTaskUnblockTime
                0x08000b18       0x40 src/FreeRTOS/tasks.o
 .text.prvAddCurrentTaskToDelayedList
                0x08000b58       0xcc src/FreeRTOS/tasks.o
 .text.pxPortInitialiseStack
                0x08000c24       0x68 src/FreeRTOS/portable/GCC/ARM_CM4F/port.o
                0x08000c24                pxPortInitialiseStack
 .text.prvTaskExitError
                0x08000c8c       0x30 src/FreeRTOS/portable/GCC/ARM_CM4F/port.o
 *fill*         0x08000cbc        0x4 
 .text.SVC_Handler
                0x08000cc0       0x28 src/FreeRTOS/portable/GCC/ARM_CM4F/port.o
                0x08000cc0                SVC_Handler
 .text.prvPortStartFirstTask
                0x08000ce8       0x28 src/FreeRTOS/portable/GCC/ARM_CM4F/port.o
 .text.xPortStartScheduler
                0x08000d10       0x54 src/FreeRTOS/portable/GCC/ARM_CM4F/port.o
                0x08000d10                xPortStartScheduler
 .text.vPortEnterCritical
                0x08000d64       0x34 src/FreeRTOS/portable/GCC/ARM_CM4F/port.o
                0x08000d64                vPortEnterCritical
 .text.vPortExitCritical
                0x08000d98       0x34 src/FreeRTOS/portable/GCC/ARM_CM4F/port.o
                0x08000d98                vPortExitCritical
 *fill*         0x08000dcc        0x4 
 .text.PendSV_Handler
                0x08000dd0       0x68 src/FreeRTOS/portable/GCC/ARM_CM4F/port.o
                0x08000dd0                PendSV_Handler
 .text.SysTick_Handler
                0x08000e38       0x40 src/FreeRTOS/portable/GCC/ARM_CM4F/port.o
                0x08000e38                SysTick_Handler
 .text.vPortSetupTimerInterrupt
                0x08000e78       0x48 src/FreeRTOS/portable/GCC/ARM_CM4F/port.o
                0x08000e78                vPortSetupTimerInterrupt
 .text.vPortEnableVFP
                0x08000ec0       0x14 src/FreeRTOS/portable/GCC/ARM_CM4F/port.o
 .text.pvPortMalloc
                0x08000ed4      0x128 src/FreeRTOS/portable/MemMang/heap_4.o
                0x08000ed4                pvPortMalloc
 .text.vPortFree
                0x08000ffc       0x74 src/FreeRTOS/portable/MemMang/heap_4.o
                0x08000ffc                vPortFree
 .text.prvHeapInit
                0x08001070       0xc4 src/FreeRTOS/portable/MemMang/heap_4.o
 .text.prvInsertBlockIntoFreeList
                0x08001134       0xb4 src/FreeRTOS/portable/MemMang/heap_4.o
 .text.vKeysHandlerTask
                0x080011e8       0xc0 src/keys_handler.o
                0x080011e8                vKeysHandlerTask
 .text.keyboard_Init
                0x080012a8       0x24 src/keys_handler.o
 .text.keyboard_SetFunctionality
                0x080012cc      0x100 src/keys_handler.o
 .text.keyboard_HW_init
                0x080013cc      0x120 src/keys_handler.o
 .text.EXTI9_5_IRQHandler
                0x080014ec       0xec src/keys_handler.o
                0x080014ec                EXTI9_5_IRQHandler
 .text.EXTI15_10_IRQHandler
                0x080015d8       0xec src/keys_handler.o
                0x080015d8                EXTI15_10_IRQHandler
 .text.main     0x080016c4        0xe src/main.o
                0x080016c4                main
 *fill*         0x080016d2        0x2 
 .text.SPI2_IRQHandler
                0x080016d4       0x38 src/spi.o
                0x080016d4                SPI2_IRQHandler
 .text.SystemInit
                0x0800170c       0x6c src/system_stm32f4xx.o
                0x0800170c                SystemInit
 .text.SetSysClock
                0x08001778      0x12c src/system_stm32f4xx.o
 .text.uiTaskhandler_CreateAllTasks
                0x080018a4       0x38 src/task_handler.o
                0x080018a4                uiTaskhandler_CreateAllTasks
 .text.Reset_Handler
                0x080018dc       0x50 startup/startup_stm32.o
                0x080018dc                Reset_Handler
 .text.Default_Handler
                0x0800192c        0x2 startup/startup_stm32.o
                0x0800192c                RTC_Alarm_IRQHandler
                0x0800192c                EXTI2_IRQHandler
                0x0800192c                TIM8_CC_IRQHandler
                0x0800192c                SPDIF_Rx_IRQHandler
                0x0800192c                DebugMon_Handler
                0x0800192c                SPI4_IRQHandler
                0x0800192c                TIM1_CC_IRQHandler
                0x0800192c                QuadSPI_IRQHandler
                0x0800192c                DMA2_Stream5_IRQHandler
                0x0800192c                HardFault_Handler
                0x0800192c                DMA1_Stream5_IRQHandler
                0x0800192c                PVD_IRQHandler
                0x0800192c                SDIO_IRQHandler
                0x0800192c                TAMP_STAMP_IRQHandler
                0x0800192c                NMI_Handler
                0x0800192c                CAN2_RX1_IRQHandler
                0x0800192c                EXTI3_IRQHandler
                0x0800192c                TIM8_TRG_COM_TIM14_IRQHandler
                0x0800192c                TIM1_UP_TIM10_IRQHandler
                0x0800192c                FMPI2C1_error_IRQHandler
                0x0800192c                TIM8_UP_TIM13_IRQHandler
                0x0800192c                I2C3_ER_IRQHandler
                0x0800192c                EXTI0_IRQHandler
                0x0800192c                I2C2_EV_IRQHandler
                0x0800192c                DMA1_Stream2_IRQHandler
                0x0800192c                CAN1_RX0_IRQHandler
                0x0800192c                FPU_IRQHandler
                0x0800192c                OTG_HS_WKUP_IRQHandler
                0x0800192c                UsageFault_Handler
                0x0800192c                CAN2_SCE_IRQHandler
                0x0800192c                DMA2_Stream2_IRQHandler
                0x0800192c                SPI1_IRQHandler
                0x0800192c                TIM6_DAC_IRQHandler
                0x0800192c                TIM1_BRK_TIM9_IRQHandler
                0x0800192c                DCMI_IRQHandler
                0x0800192c                CAN2_RX0_IRQHandler
                0x0800192c                DMA2_Stream3_IRQHandler
                0x0800192c                FMPI2C1_IRQHandler
                0x0800192c                SAI2_IRQHandler
                0x0800192c                USART6_IRQHandler
                0x0800192c                USART3_IRQHandler
                0x0800192c                CAN1_RX1_IRQHandler
                0x0800192c                UART5_IRQHandler
                0x0800192c                DMA2_Stream0_IRQHandler
                0x0800192c                TIM4_IRQHandler
                0x0800192c                I2C1_EV_IRQHandler
                0x0800192c                HDMI_CEC_IRQHandler
                0x0800192c                DMA1_Stream6_IRQHandler
                0x0800192c                DMA1_Stream1_IRQHandler
                0x0800192c                UART4_IRQHandler
                0x0800192c                TIM3_IRQHandler
                0x0800192c                RCC_IRQHandler
                0x0800192c                TIM8_BRK_TIM12_IRQHandler
                0x0800192c                Default_Handler
                0x0800192c                ADC_IRQHandler
                0x0800192c                DMA1_Stream7_IRQHandler
                0x0800192c                TIM7_IRQHandler
                0x0800192c                CAN2_TX_IRQHandler
                0x0800192c                TIM5_IRQHandler
                0x0800192c                DMA2_Stream7_IRQHandler
                0x0800192c                I2C3_EV_IRQHandler
                0x0800192c                RTC_WKUP_IRQHandler
                0x0800192c                OTG_HS_EP1_IN_IRQHandler
                0x0800192c                MemManage_Handler
                0x0800192c                DMA1_Stream0_IRQHandler
                0x0800192c                CAN1_TX_IRQHandler
                0x0800192c                EXTI4_IRQHandler
                0x0800192c                OTG_HS_EP1_OUT_IRQHandler
                0x0800192c                WWDG_IRQHandler
                0x0800192c                TIM2_IRQHandler
                0x0800192c                OTG_FS_WKUP_IRQHandler
                0x0800192c                TIM1_TRG_COM_TIM11_IRQHandler
                0x0800192c                OTG_HS_IRQHandler
                0x0800192c                EXTI1_IRQHandler
                0x0800192c                USART2_IRQHandler
                0x0800192c                I2C2_ER_IRQHandler
                0x0800192c                DMA2_Stream1_IRQHandler
                0x0800192c                CAN1_SCE_IRQHandler
                0x0800192c                FLASH_IRQHandler
                0x0800192c                DMA2_Stream4_IRQHandler
                0x0800192c                BusFault_Handler
                0x0800192c                USART1_IRQHandler
                0x0800192c                OTG_FS_IRQHandler
                0x0800192c                SPI3_IRQHandler
                0x0800192c                DMA1_Stream4_IRQHandler
                0x0800192c                I2C1_ER_IRQHandler
                0x0800192c                FMC_IRQHandler
                0x0800192c                DMA2_Stream6_IRQHandler
                0x0800192c                SAI1_IRQHandler
                0x0800192c                DMA1_Stream3_IRQHandler
 *fill*         0x0800192e        0x2 
 .text.NVIC_Init
                0x08001930       0xc4 C:\work\workspace_stm\nucleo-f446re_stdperiph_lib\Debug\libnucleo-f446re_stdperiph_lib.a(misc.o)
                0x08001930                NVIC_Init
 .text.EXTI_Init
                0x080019f4       0xe4 C:\work\workspace_stm\nucleo-f446re_stdperiph_lib\Debug\libnucleo-f446re_stdperiph_lib.a(stm32f4xx_exti.o)
                0x080019f4                EXTI_Init
 .text.EXTI_StructInit
                0x08001ad8       0x2c C:\work\workspace_stm\nucleo-f446re_stdperiph_lib\Debug\libnucleo-f446re_stdperiph_lib.a(stm32f4xx_exti.o)
                0x08001ad8                EXTI_StructInit
 .text.EXTI_GetITStatus
                0x08001b04       0x34 C:\work\workspace_stm\nucleo-f446re_stdperiph_lib\Debug\libnucleo-f446re_stdperiph_lib.a(stm32f4xx_exti.o)
                0x08001b04                EXTI_GetITStatus
 .text.EXTI_ClearITPendingBit
                0x08001b38       0x20 C:\work\workspace_stm\nucleo-f446re_stdperiph_lib\Debug\libnucleo-f446re_stdperiph_lib.a(stm32f4xx_exti.o)
                0x08001b38                EXTI_ClearITPendingBit
 .text.GPIO_Init
                0x08001b58      0x11c C:\work\workspace_stm\nucleo-f446re_stdperiph_lib\Debug\libnucleo-f446re_stdperiph_lib.a(stm32f4xx_gpio.o)
                0x08001b58                GPIO_Init
 .text.GPIO_StructInit
                0x08001c74       0x34 C:\work\workspace_stm\nucleo-f446re_stdperiph_lib\Debug\libnucleo-f446re_stdperiph_lib.a(stm32f4xx_gpio.o)
                0x08001c74                GPIO_StructInit
 .text.GPIO_ReadInputDataBit
                0x08001ca8       0x34 C:\work\workspace_stm\nucleo-f446re_stdperiph_lib\Debug\libnucleo-f446re_stdperiph_lib.a(stm32f4xx_gpio.o)
                0x08001ca8                GPIO_ReadInputDataBit
 .text.RCC_AHB1PeriphClockCmd
                0x08001cdc       0x40 C:\work\workspace_stm\nucleo-f446re_stdperiph_lib\Debug\libnucleo-f446re_stdperiph_lib.a(stm32f4xx_rcc.o)
                0x08001cdc                RCC_AHB1PeriphClockCmd
 .text.RCC_APB2PeriphClockCmd
                0x08001d1c       0x40 C:\work\workspace_stm\nucleo-f446re_stdperiph_lib\Debug\libnucleo-f446re_stdperiph_lib.a(stm32f4xx_rcc.o)
                0x08001d1c                RCC_APB2PeriphClockCmd
 .text.SPI_I2S_GetITStatus
                0x08001d5c       0x76 C:\work\workspace_stm\nucleo-f446re_stdperiph_lib\Debug\libnucleo-f446re_stdperiph_lib.a(stm32f4xx_spi.o)
                0x08001d5c                SPI_I2S_GetITStatus
 .text.SPI_I2S_ClearITPendingBit
                0x08001dd2       0x34 C:\work\workspace_stm\nucleo-f446re_stdperiph_lib\Debug\libnucleo-f446re_stdperiph_lib.a(stm32f4xx_spi.o)
                0x08001dd2                SPI_I2S_ClearITPendingBit
 *fill*         0x08001e06        0x2 
 .text.SYSCFG_EXTILineConfig
                0x08001e08       0x84 C:\work\workspace_stm\nucleo-f446re_stdperiph_lib\Debug\libnucleo-f446re_stdperiph_lib.a(stm32f4xx_syscfg.o)
                0x08001e08                SYSCFG_EXTILineConfig
 .text.__libc_init_array
                0x08001e8c       0x48 c:/ac6/systemworkbench/plugins/fr.ac6.mcu.externaltools.arm-none.win32_1.17.0.201812190825/tools/compiler/bin/../lib/gcc/arm-none-eabi/7.3.1/../../../../arm-none-eabi/lib/thumb/v7e-m/fpv4-sp/hard\libc.a(lib_a-init.o)
                0x08001e8c                __libc_init_array
 .text.memset   0x08001ed4       0x94 c:/ac6/systemworkbench/plugins/fr.ac6.mcu.externaltools.arm-none.win32_1.17.0.201812190825/tools/compiler/bin/../lib/gcc/arm-none-eabi/7.3.1/../../../../arm-none-eabi/lib/thumb/v7e-m/fpv4-sp/hard\libc.a(lib_a-memset.o)
                0x08001ed4                memset
 .text.startup.register_fini
                0x08001f68       0x14 c:/ac6/systemworkbench/plugins/fr.ac6.mcu.externaltools.arm-none.win32_1.17.0.201812190825/tools/compiler/bin/../lib/gcc/arm-none-eabi/7.3.1/../../../../arm-none-eabi/lib/thumb/v7e-m/fpv4-sp/hard\libc.a(lib_a-__call_atexit.o)
 .text.atexit   0x08001f7c        0xc c:/ac6/systemworkbench/plugins/fr.ac6.mcu.externaltools.arm-none.win32_1.17.0.201812190825/tools/compiler/bin/../lib/gcc/arm-none-eabi/7.3.1/../../../../arm-none-eabi/lib/thumb/v7e-m/fpv4-sp/hard\libc.a(lib_a-atexit.o)
                0x08001f7c                atexit
 .text.__libc_fini_array
                0x08001f88       0x34 c:/ac6/systemworkbench/plugins/fr.ac6.mcu.externaltools.arm-none.win32_1.17.0.201812190825/tools/compiler/bin/../lib/gcc/arm-none-eabi/7.3.1/../../../../arm-none-eabi/lib/thumb/v7e-m/fpv4-sp/hard\libc.a(lib_a-fini.o)
                0x08001f88                __libc_fini_array
 .text.__retarget_lock_acquire_recursive
                0x08001fbc        0x4 c:/ac6/systemworkbench/plugins/fr.ac6.mcu.externaltools.arm-none.win32_1.17.0.201812190825/tools/compiler/bin/../lib/gcc/arm-none-eabi/7.3.1/../../../../arm-none-eabi/lib/thumb/v7e-m/fpv4-sp/hard\libc.a(lib_a-lock.o)
                0x08001fbc                __retarget_lock_acquire_recursive
 .text.__retarget_lock_release_recursive
                0x08001fc0        0x4 c:/ac6/systemworkbench/plugins/fr.ac6.mcu.externaltools.arm-none.win32_1.17.0.201812190825/tools/compiler/bin/../lib/gcc/arm-none-eabi/7.3.1/../../../../arm-none-eabi/lib/thumb/v7e-m/fpv4-sp/hard\libc.a(lib_a-lock.o)
                0x08001fc0                __retarget_lock_release_recursive
 .text.__register_exitproc
                0x08001fc4       0xc0 c:/ac6/systemworkbench/plugins/fr.ac6.mcu.externaltools.arm-none.win32_1.17.0.201812190825/tools/compiler/bin/../lib/gcc/arm-none-eabi/7.3.1/../../../../arm-none-eabi/lib/thumb/v7e-m/fpv4-sp/hard\libc.a(lib_a-__atexit.o)
                0x08001fc4                __register_exitproc
 *(.glue_7)
 .glue_7        0x08002084        0x0 linker stubs
 *(.glue_7t)
 .glue_7t       0x08002084        0x0 linker stubs
 *(.eh_frame)
 .eh_frame      0x08002084        0x0 c:/ac6/systemworkbench/plugins/fr.ac6.mcu.externaltools.arm-none.win32_1.17.0.201812190825/tools/compiler/bin/../lib/gcc/arm-none-eabi/7.3.1/thumb/v7e-m/fpv4-sp/hard/crtbegin.o
 *(.init)
 .init          0x08002084        0x4 c:/ac6/systemworkbench/plugins/fr.ac6.mcu.externaltools.arm-none.win32_1.17.0.201812190825/tools/compiler/bin/../lib/gcc/arm-none-eabi/7.3.1/thumb/v7e-m/fpv4-sp/hard/crti.o
                0x08002084                _init
 .init          0x08002088        0x8 c:/ac6/systemworkbench/plugins/fr.ac6.mcu.externaltools.arm-none.win32_1.17.0.201812190825/tools/compiler/bin/../lib/gcc/arm-none-eabi/7.3.1/thumb/v7e-m/fpv4-sp/hard/crtn.o
 *(.fini)
 .fini          0x08002090        0x4 c:/ac6/systemworkbench/plugins/fr.ac6.mcu.externaltools.arm-none.win32_1.17.0.201812190825/tools/compiler/bin/../lib/gcc/arm-none-eabi/7.3.1/thumb/v7e-m/fpv4-sp/hard/crti.o
                0x08002090                _fini
 .fini          0x08002094        0x8 c:/ac6/systemworkbench/plugins/fr.ac6.mcu.externaltools.arm-none.win32_1.17.0.201812190825/tools/compiler/bin/../lib/gcc/arm-none-eabi/7.3.1/thumb/v7e-m/fpv4-sp/hard/crtn.o
                0x0800209c                . = ALIGN (0x4)
                0x0800209c                _etext = .

.vfp11_veneer   0x0800209c        0x0
 .vfp11_veneer  0x0800209c        0x0 linker stubs

.v4_bx          0x0800209c        0x0
 .v4_bx         0x0800209c        0x0 linker stubs

.iplt           0x0800209c        0x0
 .iplt          0x0800209c        0x0 c:/ac6/systemworkbench/plugins/fr.ac6.mcu.externaltools.arm-none.win32_1.17.0.201812190825/tools/compiler/bin/../lib/gcc/arm-none-eabi/7.3.1/thumb/v7e-m/fpv4-sp/hard/crtbegin.o

.rodata         0x0800209c       0x40
                0x0800209c                . = ALIGN (0x4)
 *(.rodata)
 .rodata        0x0800209c       0x30 src/FreeRTOS/tasks.o
 .rodata        0x080020cc        0x9 src/task_handler.o
 *(.rodata*)
 *fill*         0x080020d5        0x3 
 .rodata._global_impure_ptr
                0x080020d8        0x4 c:/ac6/systemworkbench/plugins/fr.ac6.mcu.externaltools.arm-none.win32_1.17.0.201812190825/tools/compiler/bin/../lib/gcc/arm-none-eabi/7.3.1/../../../../arm-none-eabi/lib/thumb/v7e-m/fpv4-sp/hard\libc.a(lib_a-impure.o)
                0x080020d8                _global_impure_ptr
                0x080020dc                . = ALIGN (0x4)

.rel.dyn        0x080020dc        0x0
 .rel.iplt      0x080020dc        0x0 c:/ac6/systemworkbench/plugins/fr.ac6.mcu.externaltools.arm-none.win32_1.17.0.201812190825/tools/compiler/bin/../lib/gcc/arm-none-eabi/7.3.1/thumb/v7e-m/fpv4-sp/hard/crtbegin.o

.ARM.extab      0x080020dc        0x0
                0x080020dc                . = ALIGN (0x4)
 *(.ARM.extab* .gnu.linkonce.armextab.*)
                0x080020dc                . = ALIGN (0x4)

.ARM            0x080020dc        0x0
                0x080020dc                . = ALIGN (0x4)
                0x080020dc                __exidx_start = .
 *(.ARM.exidx*)
                0x080020dc                __exidx_end = .
                0x080020dc                . = ALIGN (0x4)

.preinit_array  0x080020dc        0x0
                0x080020dc                . = ALIGN (0x4)
                0x080020dc                PROVIDE (__preinit_array_start = .)
 *(.preinit_array*)
                0x080020dc                PROVIDE (__preinit_array_end = .)
                0x080020dc                . = ALIGN (0x4)

.init_array     0x080020dc        0x8
                0x080020dc                . = ALIGN (0x4)
                0x080020dc                PROVIDE (__init_array_start = .)
 *(SORT_BY_NAME(.init_array.*))
 .init_array.00000
                0x080020dc        0x4 c:/ac6/systemworkbench/plugins/fr.ac6.mcu.externaltools.arm-none.win32_1.17.0.201812190825/tools/compiler/bin/../lib/gcc/arm-none-eabi/7.3.1/../../../../arm-none-eabi/lib/thumb/v7e-m/fpv4-sp/hard\libc.a(lib_a-__call_atexit.o)
 *(.init_array*)
 .init_array    0x080020e0        0x4 c:/ac6/systemworkbench/plugins/fr.ac6.mcu.externaltools.arm-none.win32_1.17.0.201812190825/tools/compiler/bin/../lib/gcc/arm-none-eabi/7.3.1/thumb/v7e-m/fpv4-sp/hard/crtbegin.o
                0x080020e4                PROVIDE (__init_array_end = .)
                0x080020e4                . = ALIGN (0x4)

.fini_array     0x080020e4        0x4
                0x080020e4                . = ALIGN (0x4)
                0x080020e4                PROVIDE (__fini_array_start = .)
 *(SORT_BY_NAME(.fini_array.*))
 *(.fini_array*)
 .fini_array    0x080020e4        0x4 c:/ac6/systemworkbench/plugins/fr.ac6.mcu.externaltools.arm-none.win32_1.17.0.201812190825/tools/compiler/bin/../lib/gcc/arm-none-eabi/7.3.1/thumb/v7e-m/fpv4-sp/hard/crtbegin.o
                0x080020e8                PROVIDE (__fini_array_end = .)
                0x080020e8                . = ALIGN (0x4)
                0x080020e8                _sidata = LOADADDR (.data)

.data           0x20000000      0x444 load address 0x080020e8
                0x20000000                . = ALIGN (0x4)
                0x20000000                _sdata = .
 *(.data)
 .data          0x20000000        0x4 src/FreeRTOS/portable/GCC/ARM_CM4F/port.o
 .data          0x20000004       0x14 src/system_stm32f4xx.o
                0x20000004                SystemCoreClock
                0x20000008                AHBPrescTable
 *(.data*)
 .data.impure_data
                0x20000018      0x428 c:/ac6/systemworkbench/plugins/fr.ac6.mcu.externaltools.arm-none.win32_1.17.0.201812190825/tools/compiler/bin/../lib/gcc/arm-none-eabi/7.3.1/../../../../arm-none-eabi/lib/thumb/v7e-m/fpv4-sp/hard\libc.a(lib_a-impure.o)
 .data.__atexit_recursive_mutex
                0x20000440        0x4 c:/ac6/systemworkbench/plugins/fr.ac6.mcu.externaltools.arm-none.win32_1.17.0.201812190825/tools/compiler/bin/../lib/gcc/arm-none-eabi/7.3.1/../../../../arm-none-eabi/lib/thumb/v7e-m/fpv4-sp/hard\libc.a(lib_a-__call_atexit.o)
                0x20000440                __atexit_recursive_mutex
                0x20000444                . = ALIGN (0x4)
                0x20000444                _edata = .

.igot.plt       0x20000444        0x0 load address 0x0800252c
 .igot.plt      0x20000444        0x0 c:/ac6/systemworkbench/plugins/fr.ac6.mcu.externaltools.arm-none.win32_1.17.0.201812190825/tools/compiler/bin/../lib/gcc/arm-none-eabi/7.3.1/thumb/v7e-m/fpv4-sp/hard/crtbegin.o
                0x20000444                . = ALIGN (0x4)

.bss            0x20000444     0x79dc load address 0x0800252c
                0x20000444                _sbss = .
                0x20000444                __bss_start__ = _sbss
 *(.bss)
 .bss           0x20000444       0x1c c:/ac6/systemworkbench/plugins/fr.ac6.mcu.externaltools.arm-none.win32_1.17.0.201812190825/tools/compiler/bin/../lib/gcc/arm-none-eabi/7.3.1/thumb/v7e-m/fpv4-sp/hard/crtbegin.o
 .bss           0x20000460       0xf4 src/FreeRTOS/tasks.o
                0x20000460                pxCurrentTCB
 .bss           0x20000554     0x7818 src/FreeRTOS/portable/MemMang/heap_4.o
 .bss           0x20007d6c       0x84 src/keys_handler.o
 .bss           0x20007df0        0x4 src/task_handler.o
 *(.bss*)
 *(COMMON)
 COMMON         0x20007df4        0x4 src/keys_handler.o
                0x20007df4                _notifyKeyPressed
                0x20007df6                _keyPressedGlobal
 COMMON         0x20007df8        0x4 src/main.o
                0x20007df8                ulRunTimeStatsClock
 COMMON         0x20007dfc       0x21 c:/ac6/systemworkbench/plugins/fr.ac6.mcu.externaltools.arm-none.win32_1.17.0.201812190825/tools/compiler/bin/../lib/gcc/arm-none-eabi/7.3.1/../../../../arm-none-eabi/lib/thumb/v7e-m/fpv4-sp/hard\libc.a(lib_a-lock.o)
                0x20007dfc                __lock___atexit_recursive_mutex
                0x20007e00                __lock___arc4random_mutex
                0x20007e04                __lock___env_recursive_mutex
                0x20007e08                __lock___sinit_recursive_mutex
                0x20007e0c                __lock___malloc_recursive_mutex
                0x20007e10                __lock___at_quick_exit_mutex
                0x20007e14                __lock___dd_hash_mutex
                0x20007e18                __lock___tz_mutex
                0x20007e1c                __lock___sfp_recursive_mutex
                0x20007e20                . = ALIGN (0x4)
 *fill*         0x20007e1d        0x3 
                0x20007e20                _ebss = .
                0x20007e20                __bss_end__ = _ebss

._user_heap_stack
                0x20007e20      0x400 load address 0x0800252c
                0x20007e20                . = ALIGN (0x8)
                0x20007e20                PROVIDE (end = .)
                [!provide]                PROVIDE (_end = .)
                0x20007e20                . = (. + _Min_Heap_Size)
                0x20008220                . = (. + _Min_Stack_Size)
 *fill*         0x20007e20      0x400 
                0x20008220                . = ALIGN (0x8)

/DISCARD/
 libc.a(*)
 libm.a(*)
 libgcc.a(*)

.ARM.attributes
                0x00000000       0x30
 *(.ARM.attributes)
 .ARM.attributes
                0x00000000       0x22 c:/ac6/systemworkbench/plugins/fr.ac6.mcu.externaltools.arm-none.win32_1.17.0.201812190825/tools/compiler/bin/../lib/gcc/arm-none-eabi/7.3.1/thumb/v7e-m/fpv4-sp/hard/crti.o
 .ARM.attributes
                0x00000022       0x34 c:/ac6/systemworkbench/plugins/fr.ac6.mcu.externaltools.arm-none.win32_1.17.0.201812190825/tools/compiler/bin/../lib/gcc/arm-none-eabi/7.3.1/thumb/v7e-m/fpv4-sp/hard/crtbegin.o
 .ARM.attributes
                0x00000056       0x39 src/FreeRTOS/list.o
 .ARM.attributes
                0x0000008f       0x39 src/FreeRTOS/tasks.o
 .ARM.attributes
                0x000000c8       0x39 src/FreeRTOS/portable/GCC/ARM_CM4F/port.o
 .ARM.attributes
                0x00000101       0x39 src/FreeRTOS/portable/MemMang/heap_4.o
 .ARM.attributes
                0x0000013a       0x39 src/keys_handler.o
 .ARM.attributes
                0x00000173       0x39 src/main.o
 .ARM.attributes
                0x000001ac       0x39 src/spi.o
 .ARM.attributes
                0x000001e5       0x39 src/system_stm32f4xx.o
 .ARM.attributes
                0x0000021e       0x39 src/task_handler.o
 .ARM.attributes
                0x00000257       0x21 startup/startup_stm32.o
 .ARM.attributes
                0x00000278       0x39 C:\work\workspace_stm\nucleo-f446re_stdperiph_lib\Debug\libnucleo-f446re_stdperiph_lib.a(misc.o)
 .ARM.attributes
                0x000002b1       0x39 C:\work\workspace_stm\nucleo-f446re_stdperiph_lib\Debug\libnucleo-f446re_stdperiph_lib.a(stm32f4xx_exti.o)
 .ARM.attributes
                0x000002ea       0x39 C:\work\workspace_stm\nucleo-f446re_stdperiph_lib\Debug\libnucleo-f446re_stdperiph_lib.a(stm32f4xx_gpio.o)
 .ARM.attributes
                0x00000323       0x39 C:\work\workspace_stm\nucleo-f446re_stdperiph_lib\Debug\libnucleo-f446re_stdperiph_lib.a(stm32f4xx_rcc.o)
 .ARM.attributes
                0x0000035c       0x39 C:\work\workspace_stm\nucleo-f446re_stdperiph_lib\Debug\libnucleo-f446re_stdperiph_lib.a(stm32f4xx_spi.o)
 .ARM.attributes
                0x00000395       0x39 C:\work\workspace_stm\nucleo-f446re_stdperiph_lib\Debug\libnucleo-f446re_stdperiph_lib.a(stm32f4xx_syscfg.o)
 .ARM.attributes
                0x000003ce       0x34 c:/ac6/systemworkbench/plugins/fr.ac6.mcu.externaltools.arm-none.win32_1.17.0.201812190825/tools/compiler/bin/../lib/gcc/arm-none-eabi/7.3.1/../../../../arm-none-eabi/lib/thumb/v7e-m/fpv4-sp/hard\libc.a(lib_a-impure.o)
 .ARM.attributes
                0x00000402       0x34 c:/ac6/systemworkbench/plugins/fr.ac6.mcu.externaltools.arm-none.win32_1.17.0.201812190825/tools/compiler/bin/../lib/gcc/arm-none-eabi/7.3.1/../../../../arm-none-eabi/lib/thumb/v7e-m/fpv4-sp/hard\libc.a(lib_a-init.o)
 .ARM.attributes
                0x00000436       0x34 c:/ac6/systemworkbench/plugins/fr.ac6.mcu.externaltools.arm-none.win32_1.17.0.201812190825/tools/compiler/bin/../lib/gcc/arm-none-eabi/7.3.1/../../../../arm-none-eabi/lib/thumb/v7e-m/fpv4-sp/hard\libc.a(lib_a-memset.o)
 .ARM.attributes
                0x0000046a       0x34 c:/ac6/systemworkbench/plugins/fr.ac6.mcu.externaltools.arm-none.win32_1.17.0.201812190825/tools/compiler/bin/../lib/gcc/arm-none-eabi/7.3.1/../../../../arm-none-eabi/lib/thumb/v7e-m/fpv4-sp/hard\libc.a(lib_a-__call_atexit.o)
 .ARM.attributes
                0x0000049e       0x34 c:/ac6/systemworkbench/plugins/fr.ac6.mcu.externaltools.arm-none.win32_1.17.0.201812190825/tools/compiler/bin/../lib/gcc/arm-none-eabi/7.3.1/../../../../arm-none-eabi/lib/thumb/v7e-m/fpv4-sp/hard\libc.a(lib_a-atexit.o)
 .ARM.attributes
                0x000004d2       0x34 c:/ac6/systemworkbench/plugins/fr.ac6.mcu.externaltools.arm-none.win32_1.17.0.201812190825/tools/compiler/bin/../lib/gcc/arm-none-eabi/7.3.1/../../../../arm-none-eabi/lib/thumb/v7e-m/fpv4-sp/hard\libc.a(lib_a-fini.o)
 .ARM.attributes
                0x00000506       0x34 c:/ac6/systemworkbench/plugins/fr.ac6.mcu.externaltools.arm-none.win32_1.17.0.201812190825/tools/compiler/bin/../lib/gcc/arm-none-eabi/7.3.1/../../../../arm-none-eabi/lib/thumb/v7e-m/fpv4-sp/hard\libc.a(lib_a-lock.o)
 .ARM.attributes
                0x0000053a       0x34 c:/ac6/systemworkbench/plugins/fr.ac6.mcu.externaltools.arm-none.win32_1.17.0.201812190825/tools/compiler/bin/../lib/gcc/arm-none-eabi/7.3.1/../../../../arm-none-eabi/lib/thumb/v7e-m/fpv4-sp/hard\libc.a(lib_a-__atexit.o)
 .ARM.attributes
                0x0000056e       0x22 c:/ac6/systemworkbench/plugins/fr.ac6.mcu.externaltools.arm-none.win32_1.17.0.201812190825/tools/compiler/bin/../lib/gcc/arm-none-eabi/7.3.1/thumb/v7e-m/fpv4-sp/hard/crtn.o
OUTPUT(tetris_446re.elf elf32-littlearm)

.debug_info     0x00000000     0x7ce6
 .debug_info    0x00000000      0xb0d src/FreeRTOS/list.o
 .debug_info    0x00000b0d     0x21da src/FreeRTOS/tasks.o
 .debug_info    0x00002ce7      0x32f src/FreeRTOS/portable/GCC/ARM_CM4F/port.o
 .debug_info    0x00003016      0xb5b src/FreeRTOS/portable/MemMang/heap_4.o
 .debug_info    0x00003b71      0x818 src/keys_handler.o
 .debug_info    0x00004389       0xf3 src/main.o
 .debug_info    0x0000447c      0x490 src/spi.o
 .debug_info    0x0000490c      0x621 src/system_stm32f4xx.o
 .debug_info    0x00004f2d      0x148 src/task_handler.o
 .debug_info    0x00005075       0x22 startup/startup_stm32.o
 .debug_info    0x00005097      0x54b C:\work\workspace_stm\nucleo-f446re_stdperiph_lib\Debug\libnucleo-f446re_stdperiph_lib.a(misc.o)
 .debug_info    0x000055e2      0x358 C:\work\workspace_stm\nucleo-f446re_stdperiph_lib\Debug\libnucleo-f446re_stdperiph_lib.a(stm32f4xx_exti.o)
 .debug_info    0x0000593a      0x62b C:\work\workspace_stm\nucleo-f446re_stdperiph_lib\Debug\libnucleo-f446re_stdperiph_lib.a(stm32f4xx_gpio.o)
 .debug_info    0x00005f65      0xf8e C:\work\workspace_stm\nucleo-f446re_stdperiph_lib\Debug\libnucleo-f446re_stdperiph_lib.a(stm32f4xx_rcc.o)
 .debug_info    0x00006ef3      0xb4d C:\work\workspace_stm\nucleo-f446re_stdperiph_lib\Debug\libnucleo-f446re_stdperiph_lib.a(stm32f4xx_spi.o)
 .debug_info    0x00007a40      0x2a6 C:\work\workspace_stm\nucleo-f446re_stdperiph_lib\Debug\libnucleo-f446re_stdperiph_lib.a(stm32f4xx_syscfg.o)

.debug_abbrev   0x00000000     0x196a
 .debug_abbrev  0x00000000      0x205 src/FreeRTOS/list.o
 .debug_abbrev  0x00000205      0x39e src/FreeRTOS/tasks.o
 .debug_abbrev  0x000005a3      0x1ed src/FreeRTOS/portable/GCC/ARM_CM4F/port.o
 .debug_abbrev  0x00000790      0x27a src/FreeRTOS/portable/MemMang/heap_4.o
 .debug_abbrev  0x00000a0a      0x1e4 src/keys_handler.o
 .debug_abbrev  0x00000bee       0x8a src/main.o
 .debug_abbrev  0x00000c78      0x13c src/spi.o
 .debug_abbrev  0x00000db4      0x15d src/system_stm32f4xx.o
 .debug_abbrev  0x00000f11       0xb0 src/task_handler.o
 .debug_abbrev  0x00000fc1       0x12 startup/startup_stm32.o
 .debug_abbrev  0x00000fd3      0x177 C:\work\workspace_stm\nucleo-f446re_stdperiph_lib\Debug\libnucleo-f446re_stdperiph_lib.a(misc.o)
 .debug_abbrev  0x0000114a      0x1c3 C:\work\workspace_stm\nucleo-f446re_stdperiph_lib\Debug\libnucleo-f446re_stdperiph_lib.a(stm32f4xx_exti.o)
 .debug_abbrev  0x0000130d      0x1bf C:\work\workspace_stm\nucleo-f446re_stdperiph_lib\Debug\libnucleo-f446re_stdperiph_lib.a(stm32f4xx_gpio.o)
 .debug_abbrev  0x000014cc      0x1d4 C:\work\workspace_stm\nucleo-f446re_stdperiph_lib\Debug\libnucleo-f446re_stdperiph_lib.a(stm32f4xx_rcc.o)
 .debug_abbrev  0x000016a0      0x17f C:\work\workspace_stm\nucleo-f446re_stdperiph_lib\Debug\libnucleo-f446re_stdperiph_lib.a(stm32f4xx_spi.o)
 .debug_abbrev  0x0000181f      0x14b C:\work\workspace_stm\nucleo-f446re_stdperiph_lib\Debug\libnucleo-f446re_stdperiph_lib.a(stm32f4xx_syscfg.o)

.debug_aranges  0x00000000      0x828
 .debug_aranges
                0x00000000       0x40 src/FreeRTOS/list.o
 .debug_aranges
                0x00000040      0x1e0 src/FreeRTOS/tasks.o
 .debug_aranges
                0x00000220       0x78 src/FreeRTOS/portable/GCC/ARM_CM4F/port.o
 .debug_aranges
                0x00000298       0x50 src/FreeRTOS/portable/MemMang/heap_4.o
 .debug_aranges
                0x000002e8       0x48 src/keys_handler.o
 .debug_aranges
                0x00000330       0x20 src/main.o
 .debug_aranges
                0x00000350       0x28 src/spi.o
 .debug_aranges
                0x00000378       0x30 src/system_stm32f4xx.o
 .debug_aranges
                0x000003a8       0x20 src/task_handler.o
 .debug_aranges
                0x000003c8       0x28 startup/startup_stm32.o
 .debug_aranges
                0x000003f0       0x40 C:\work\workspace_stm\nucleo-f446re_stdperiph_lib\Debug\libnucleo-f446re_stdperiph_lib.a(misc.o)
 .debug_aranges
                0x00000430       0x58 C:\work\workspace_stm\nucleo-f446re_stdperiph_lib\Debug\libnucleo-f446re_stdperiph_lib.a(stm32f4xx_exti.o)
 .debug_aranges
                0x00000488       0x88 C:\work\workspace_stm\nucleo-f446re_stdperiph_lib\Debug\libnucleo-f446re_stdperiph_lib.a(stm32f4xx_gpio.o)
 .debug_aranges
                0x00000510      0x1e8 C:\work\workspace_stm\nucleo-f446re_stdperiph_lib\Debug\libnucleo-f446re_stdperiph_lib.a(stm32f4xx_rcc.o)
 .debug_aranges
                0x000006f8       0xe0 C:\work\workspace_stm\nucleo-f446re_stdperiph_lib\Debug\libnucleo-f446re_stdperiph_lib.a(stm32f4xx_spi.o)
 .debug_aranges
                0x000007d8       0x50 C:\work\workspace_stm\nucleo-f446re_stdperiph_lib\Debug\libnucleo-f446re_stdperiph_lib.a(stm32f4xx_syscfg.o)

.debug_ranges   0x00000000      0x730
 .debug_ranges  0x00000000       0x30 src/FreeRTOS/list.o
 .debug_ranges  0x00000030      0x1d0 src/FreeRTOS/tasks.o
 .debug_ranges  0x00000200       0x68 src/FreeRTOS/portable/GCC/ARM_CM4F/port.o
 .debug_ranges  0x00000268       0x40 src/FreeRTOS/portable/MemMang/heap_4.o
 .debug_ranges  0x000002a8       0x38 src/keys_handler.o
 .debug_ranges  0x000002e0       0x10 src/main.o
 .debug_ranges  0x000002f0       0x18 src/spi.o
 .debug_ranges  0x00000308       0x20 src/system_stm32f4xx.o
 .debug_ranges  0x00000328       0x10 src/task_handler.o
 .debug_ranges  0x00000338       0x20 startup/startup_stm32.o
 .debug_ranges  0x00000358       0x30 C:\work\workspace_stm\nucleo-f446re_stdperiph_lib\Debug\libnucleo-f446re_stdperiph_lib.a(misc.o)
 .debug_ranges  0x00000388       0x48 C:\work\workspace_stm\nucleo-f446re_stdperiph_lib\Debug\libnucleo-f446re_stdperiph_lib.a(stm32f4xx_exti.o)
 .debug_ranges  0x000003d0       0x78 C:\work\workspace_stm\nucleo-f446re_stdperiph_lib\Debug\libnucleo-f446re_stdperiph_lib.a(stm32f4xx_gpio.o)
 .debug_ranges  0x00000448      0x1d8 C:\work\workspace_stm\nucleo-f446re_stdperiph_lib\Debug\libnucleo-f446re_stdperiph_lib.a(stm32f4xx_rcc.o)
 .debug_ranges  0x00000620       0xd0 C:\work\workspace_stm\nucleo-f446re_stdperiph_lib\Debug\libnucleo-f446re_stdperiph_lib.a(stm32f4xx_spi.o)
 .debug_ranges  0x000006f0       0x40 C:\work\workspace_stm\nucleo-f446re_stdperiph_lib\Debug\libnucleo-f446re_stdperiph_lib.a(stm32f4xx_syscfg.o)

.debug_macro    0x00000000     0x4656
 .debug_macro   0x00000000      0x30a src/FreeRTOS/list.o
 .debug_macro   0x0000030a      0x4bc src/FreeRTOS/tasks.o
 .debug_macro   0x000007c6       0x10 src/FreeRTOS/tasks.o
 .debug_macro   0x000007d6       0x1c src/FreeRTOS/tasks.o
 .debug_macro   0x000007f2       0x10 src/FreeRTOS/tasks.o
 .debug_macro   0x00000802       0x10 src/FreeRTOS/tasks.o
 .debug_macro   0x00000812       0x1c src/FreeRTOS/tasks.o
 .debug_macro   0x0000082e       0x52 src/FreeRTOS/tasks.o
 .debug_macro   0x00000880       0x40 src/FreeRTOS/tasks.o
 .debug_macro   0x000008c0       0x10 src/FreeRTOS/tasks.o
 .debug_macro   0x000008d0       0x40 src/FreeRTOS/tasks.o
 .debug_macro   0x00000910       0xd7 src/FreeRTOS/tasks.o
 .debug_macro   0x000009e7       0x1c src/FreeRTOS/tasks.o
 .debug_macro   0x00000a03       0x3d src/FreeRTOS/tasks.o
 .debug_macro   0x00000a40       0x16 src/FreeRTOS/tasks.o
 .debug_macro   0x00000a56      0x16f src/FreeRTOS/tasks.o
 .debug_macro   0x00000bc5      0x326 src/FreeRTOS/portable/GCC/ARM_CM4F/port.o
 .debug_macro   0x00000eeb      0x331 src/FreeRTOS/portable/MemMang/heap_4.o
 .debug_macro   0x0000121c      0x282 src/keys_handler.o
 .debug_macro   0x0000149e      0x27d src/main.o
 .debug_macro   0x0000171b      0x201 src/spi.o
 .debug_macro   0x0000191c      0x366 src/spi.o
 .debug_macro   0x00001c82       0xc4 src/spi.o
 .debug_macro   0x00001d46      0x219 src/system_stm32f4xx.o
 .debug_macro   0x00001f5f      0x28d src/task_handler.o
 .debug_macro   0x000021ec      0x1fe C:\work\workspace_stm\nucleo-f446re_stdperiph_lib\Debug\libnucleo-f446re_stdperiph_lib.a(misc.o)
 .debug_macro   0x000023ea      0xa5a C:\work\workspace_stm\nucleo-f446re_stdperiph_lib\Debug\libnucleo-f446re_stdperiph_lib.a(misc.o)
 .debug_macro   0x00002e44       0x7c C:\work\workspace_stm\nucleo-f446re_stdperiph_lib\Debug\libnucleo-f446re_stdperiph_lib.a(misc.o)
 .debug_macro   0x00002ec0      0x1fe C:\work\workspace_stm\nucleo-f446re_stdperiph_lib\Debug\libnucleo-f446re_stdperiph_lib.a(stm32f4xx_exti.o)
 .debug_macro   0x000030be       0xaf C:\work\workspace_stm\nucleo-f446re_stdperiph_lib\Debug\libnucleo-f446re_stdperiph_lib.a(stm32f4xx_exti.o)
 .debug_macro   0x0000316d      0x1fc C:\work\workspace_stm\nucleo-f446re_stdperiph_lib\Debug\libnucleo-f446re_stdperiph_lib.a(stm32f4xx_gpio.o)
 .debug_macro   0x00003369      0x33b C:\work\workspace_stm\nucleo-f446re_stdperiph_lib\Debug\libnucleo-f446re_stdperiph_lib.a(stm32f4xx_gpio.o)
 .debug_macro   0x000036a4      0x2cb C:\work\workspace_stm\nucleo-f446re_stdperiph_lib\Debug\libnucleo-f446re_stdperiph_lib.a(stm32f4xx_rcc.o)
 .debug_macro   0x0000396f      0x767 C:\work\workspace_stm\nucleo-f446re_stdperiph_lib\Debug\libnucleo-f446re_stdperiph_lib.a(stm32f4xx_rcc.o)
 .debug_macro   0x000040d6      0x228 C:\work\workspace_stm\nucleo-f446re_stdperiph_lib\Debug\libnucleo-f446re_stdperiph_lib.a(stm32f4xx_spi.o)
 .debug_macro   0x000042fe      0x24a C:\work\workspace_stm\nucleo-f446re_stdperiph_lib\Debug\libnucleo-f446re_stdperiph_lib.a(stm32f4xx_syscfg.o)
 .debug_macro   0x00004548      0x10e C:\work\workspace_stm\nucleo-f446re_stdperiph_lib\Debug\libnucleo-f446re_stdperiph_lib.a(stm32f4xx_syscfg.o)

.debug_line     0x00000000     0x863b
 .debug_line    0x00000000      0x8b1 src/FreeRTOS/list.o
 .debug_line    0x000008b1     0x1275 src/FreeRTOS/tasks.o
 .debug_line    0x00001b26      0x904 src/FreeRTOS/portable/GCC/ARM_CM4F/port.o
 .debug_line    0x0000242a      0x938 src/FreeRTOS/portable/MemMang/heap_4.o
 .debug_line    0x00002d62      0x8cb src/keys_handler.o
 .debug_line    0x0000362d      0x7d6 src/main.o
 .debug_line    0x00003e03      0x6e2 src/spi.o
 .debug_line    0x000044e5      0x71a src/system_stm32f4xx.o
 .debug_line    0x00004bff      0x7ed src/task_handler.o
 .debug_line    0x000053ec       0x7c startup/startup_stm32.o
 .debug_line    0x00005468      0x6e7 C:\work\workspace_stm\nucleo-f446re_stdperiph_lib\Debug\libnucleo-f446re_stdperiph_lib.a(misc.o)
 .debug_line    0x00005b4f      0x735 C:\work\workspace_stm\nucleo-f446re_stdperiph_lib\Debug\libnucleo-f446re_stdperiph_lib.a(stm32f4xx_exti.o)
 .debug_line    0x00006284      0x80d C:\work\workspace_stm\nucleo-f446re_stdperiph_lib\Debug\libnucleo-f446re_stdperiph_lib.a(stm32f4xx_gpio.o)
 .debug_line    0x00006a91      0xb8a C:\work\workspace_stm\nucleo-f446re_stdperiph_lib\Debug\libnucleo-f446re_stdperiph_lib.a(stm32f4xx_rcc.o)
 .debug_line    0x0000761b      0x918 C:\work\workspace_stm\nucleo-f446re_stdperiph_lib\Debug\libnucleo-f446re_stdperiph_lib.a(stm32f4xx_spi.o)
 .debug_line    0x00007f33      0x708 C:\work\workspace_stm\nucleo-f446re_stdperiph_lib\Debug\libnucleo-f446re_stdperiph_lib.a(stm32f4xx_syscfg.o)

.debug_str      0x00000000    0x7a1fe
 .debug_str     0x00000000    0x7328d src/FreeRTOS/list.o
                              0x73619 (size before relaxing)
 .debug_str     0x0007328d     0x355f src/FreeRTOS/tasks.o
                              0x76bc0 (size before relaxing)
 .debug_str     0x000767ec      0x71c src/FreeRTOS/portable/GCC/ARM_CM4F/port.o
                              0x716d5 (size before relaxing)
 .debug_str     0x00076f08      0x23f src/FreeRTOS/portable/MemMang/heap_4.o
                              0x73ded (size before relaxing)
 .debug_str     0x00077147      0x947 src/keys_handler.o
                              0x71900 (size before relaxing)
 .debug_str     0x00077a8e      0x741 src/main.o
                              0x71629 (size before relaxing)
 .debug_str     0x000781cf      0x533 src/spi.o
                              0x6d5c7 (size before relaxing)
 .debug_str     0x00078702      0x218 src/system_stm32f4xx.o
                              0x6d14e (size before relaxing)
 .debug_str     0x0007891a       0x54 src/task_handler.o
                              0x716b2 (size before relaxing)
 .debug_str     0x0007896e       0x29 startup/startup_stm32.o
                                 0x52 (size before relaxing)
 .debug_str     0x00078997      0x1a6 C:\work\workspace_stm\nucleo-f446re_stdperiph_lib\Debug\libnucleo-f446re_stdperiph_lib.a(misc.o)
                              0x6d124 (size before relaxing)
 .debug_str     0x00078b3d      0x10b C:\work\workspace_stm\nucleo-f446re_stdperiph_lib\Debug\libnucleo-f446re_stdperiph_lib.a(stm32f4xx_exti.o)
                              0x6d09a (size before relaxing)
 .debug_str     0x00078c48      0x17c C:\work\workspace_stm\nucleo-f446re_stdperiph_lib\Debug\libnucleo-f446re_stdperiph_lib.a(stm32f4xx_gpio.o)
                              0x6d1cc (size before relaxing)
 .debug_str     0x00078dc4      0xd1a C:\work\workspace_stm\nucleo-f446re_stdperiph_lib\Debug\libnucleo-f446re_stdperiph_lib.a(stm32f4xx_rcc.o)
                              0x6dda8 (size before relaxing)
 .debug_str     0x00079ade      0x314 C:\work\workspace_stm\nucleo-f446re_stdperiph_lib\Debug\libnucleo-f446re_stdperiph_lib.a(stm32f4xx_spi.o)
                              0x6d4b5 (size before relaxing)
 .debug_str     0x00079df2      0x40c C:\work\workspace_stm\nucleo-f446re_stdperiph_lib\Debug\libnucleo-f446re_stdperiph_lib.a(stm32f4xx_syscfg.o)
                              0x6d2ea (size before relaxing)

.comment        0x00000000       0x7f
 .comment       0x00000000       0x7f src/FreeRTOS/list.o
                                 0x80 (size before relaxing)
 .comment       0x0000007f       0x80 src/FreeRTOS/tasks.o
 .comment       0x0000007f       0x80 src/FreeRTOS/portable/GCC/ARM_CM4F/port.o
 .comment       0x0000007f       0x80 src/FreeRTOS/portable/MemMang/heap_4.o
 .comment       0x0000007f       0x80 src/keys_handler.o
 .comment       0x0000007f       0x80 src/main.o
 .comment       0x0000007f       0x80 src/spi.o
 .comment       0x0000007f       0x80 src/system_stm32f4xx.o
 .comment       0x0000007f       0x80 src/task_handler.o
 .comment       0x0000007f       0x80 C:\work\workspace_stm\nucleo-f446re_stdperiph_lib\Debug\libnucleo-f446re_stdperiph_lib.a(misc.o)
 .comment       0x0000007f       0x80 C:\work\workspace_stm\nucleo-f446re_stdperiph_lib\Debug\libnucleo-f446re_stdperiph_lib.a(stm32f4xx_exti.o)
 .comment       0x0000007f       0x80 C:\work\workspace_stm\nucleo-f446re_stdperiph_lib\Debug\libnucleo-f446re_stdperiph_lib.a(stm32f4xx_gpio.o)
 .comment       0x0000007f       0x80 C:\work\workspace_stm\nucleo-f446re_stdperiph_lib\Debug\libnucleo-f446re_stdperiph_lib.a(stm32f4xx_rcc.o)
 .comment       0x0000007f       0x80 C:\work\workspace_stm\nucleo-f446re_stdperiph_lib\Debug\libnucleo-f446re_stdperiph_lib.a(stm32f4xx_spi.o)
 .comment       0x0000007f       0x80 C:\work\workspace_stm\nucleo-f446re_stdperiph_lib\Debug\libnucleo-f446re_stdperiph_lib.a(stm32f4xx_syscfg.o)

.debug_frame    0x00000000     0x21f8
 .debug_frame   0x00000000       0xd8 src/FreeRTOS/list.o
 .debug_frame   0x000000d8      0x834 src/FreeRTOS/tasks.o
 .debug_frame   0x0000090c      0x170 src/FreeRTOS/portable/GCC/ARM_CM4F/port.o
 .debug_frame   0x00000a7c      0x108 src/FreeRTOS/portable/MemMang/heap_4.o
 .debug_frame   0x00000b84       0xe0 src/keys_handler.o
 .debug_frame   0x00000c64       0x2c src/main.o
 .debug_frame   0x00000c90       0x50 src/spi.o
 .debug_frame   0x00000ce0       0x7c src/system_stm32f4xx.o
 .debug_frame   0x00000d5c       0x34 src/task_handler.o
 .debug_frame   0x00000d90       0xd8 C:\work\workspace_stm\nucleo-f446re_stdperiph_lib\Debug\libnucleo-f446re_stdperiph_lib.a(misc.o)
 .debug_frame   0x00000e68      0x148 C:\work\workspace_stm\nucleo-f446re_stdperiph_lib\Debug\libnucleo-f446re_stdperiph_lib.a(stm32f4xx_exti.o)
 .debug_frame   0x00000fb0      0x23c C:\work\workspace_stm\nucleo-f446re_stdperiph_lib\Debug\libnucleo-f446re_stdperiph_lib.a(stm32f4xx_gpio.o)
 .debug_frame   0x000011ec      0x904 C:\work\workspace_stm\nucleo-f446re_stdperiph_lib\Debug\libnucleo-f446re_stdperiph_lib.a(stm32f4xx_rcc.o)
 .debug_frame   0x00001af0      0x3f4 C:\work\workspace_stm\nucleo-f446re_stdperiph_lib\Debug\libnucleo-f446re_stdperiph_lib.a(stm32f4xx_spi.o)
 .debug_frame   0x00001ee4      0x11c C:\work\workspace_stm\nucleo-f446re_stdperiph_lib\Debug\libnucleo-f446re_stdperiph_lib.a(stm32f4xx_syscfg.o)
 .debug_frame   0x00002000       0x2c c:/ac6/systemworkbench/plugins/fr.ac6.mcu.externaltools.arm-none.win32_1.17.0.201812190825/tools/compiler/bin/../lib/gcc/arm-none-eabi/7.3.1/../../../../arm-none-eabi/lib/thumb/v7e-m/fpv4-sp/hard\libc.a(lib_a-init.o)
 .debug_frame   0x0000202c       0x38 c:/ac6/systemworkbench/plugins/fr.ac6.mcu.externaltools.arm-none.win32_1.17.0.201812190825/tools/compiler/bin/../lib/gcc/arm-none-eabi/7.3.1/../../../../arm-none-eabi/lib/thumb/v7e-m/fpv4-sp/hard\libc.a(lib_a-memset.o)
 .debug_frame   0x00002064       0x5c c:/ac6/systemworkbench/plugins/fr.ac6.mcu.externaltools.arm-none.win32_1.17.0.201812190825/tools/compiler/bin/../lib/gcc/arm-none-eabi/7.3.1/../../../../arm-none-eabi/lib/thumb/v7e-m/fpv4-sp/hard\libc.a(lib_a-__call_atexit.o)
 .debug_frame   0x000020c0       0x20 c:/ac6/systemworkbench/plugins/fr.ac6.mcu.externaltools.arm-none.win32_1.17.0.201812190825/tools/compiler/bin/../lib/gcc/arm-none-eabi/7.3.1/../../../../arm-none-eabi/lib/thumb/v7e-m/fpv4-sp/hard\libc.a(lib_a-atexit.o)
 .debug_frame   0x000020e0       0x34 c:/ac6/systemworkbench/plugins/fr.ac6.mcu.externaltools.arm-none.win32_1.17.0.201812190825/tools/compiler/bin/../lib/gcc/arm-none-eabi/7.3.1/../../../../arm-none-eabi/lib/thumb/v7e-m/fpv4-sp/hard\libc.a(lib_a-fini.o)
 .debug_frame   0x00002114       0xb0 c:/ac6/systemworkbench/plugins/fr.ac6.mcu.externaltools.arm-none.win32_1.17.0.201812190825/tools/compiler/bin/../lib/gcc/arm-none-eabi/7.3.1/../../../../arm-none-eabi/lib/thumb/v7e-m/fpv4-sp/hard\libc.a(lib_a-lock.o)
 .debug_frame   0x000021c4       0x34 c:/ac6/systemworkbench/plugins/fr.ac6.mcu.externaltools.arm-none.win32_1.17.0.201812190825/tools/compiler/bin/../lib/gcc/arm-none-eabi/7.3.1/../../../../arm-none-eabi/lib/thumb/v7e-m/fpv4-sp/hard\libc.a(lib_a-__atexit.o)
