Archive member included to satisfy reference by file (symbol)

c:/ac6/systemworkbench/plugins/fr.ac6.mcu.externaltools.arm-none.win32_1.17.0.201812190825/tools/compiler/bin/../lib/gcc/arm-none-eabi/7.3.1/../../../../arm-none-eabi/lib/thumb/v7e-m/fpv4-sp/hard\libc.a(lib_a-errno.o)
                              src/syscalls.o (__errno)
c:/ac6/systemworkbench/plugins/fr.ac6.mcu.externaltools.arm-none.win32_1.17.0.201812190825/tools/compiler/bin/../lib/gcc/arm-none-eabi/7.3.1/../../../../arm-none-eabi/lib/thumb/v7e-m/fpv4-sp/hard\libc.a(lib_a-exit.o)
                              c:/ac6/systemworkbench/plugins/fr.ac6.mcu.externaltools.arm-none.win32_1.17.0.201812190825/tools/compiler/bin/../lib/gcc/arm-none-eabi/7.3.1/../../../../arm-none-eabi/lib/thumb/v7e-m/fpv4-sp/hard/crt0.o (exit)
c:/ac6/systemworkbench/plugins/fr.ac6.mcu.externaltools.arm-none.win32_1.17.0.201812190825/tools/compiler/bin/../lib/gcc/arm-none-eabi/7.3.1/../../../../arm-none-eabi/lib/thumb/v7e-m/fpv4-sp/hard\libc.a(lib_a-impure.o)
                              c:/ac6/systemworkbench/plugins/fr.ac6.mcu.externaltools.arm-none.win32_1.17.0.201812190825/tools/compiler/bin/../lib/gcc/arm-none-eabi/7.3.1/../../../../arm-none-eabi/lib/thumb/v7e-m/fpv4-sp/hard\libc.a(lib_a-exit.o) (_global_impure_ptr)
c:/ac6/systemworkbench/plugins/fr.ac6.mcu.externaltools.arm-none.win32_1.17.0.201812190825/tools/compiler/bin/../lib/gcc/arm-none-eabi/7.3.1/../../../../arm-none-eabi/lib/thumb/v7e-m/fpv4-sp/hard\libc.a(lib_a-init.o)
                              c:/ac6/systemworkbench/plugins/fr.ac6.mcu.externaltools.arm-none.win32_1.17.0.201812190825/tools/compiler/bin/../lib/gcc/arm-none-eabi/7.3.1/../../../../arm-none-eabi/lib/thumb/v7e-m/fpv4-sp/hard/crt0.o (__libc_init_array)
c:/ac6/systemworkbench/plugins/fr.ac6.mcu.externaltools.arm-none.win32_1.17.0.201812190825/tools/compiler/bin/../lib/gcc/arm-none-eabi/7.3.1/../../../../arm-none-eabi/lib/thumb/v7e-m/fpv4-sp/hard\libc.a(lib_a-memcpy.o)
                              src/FreeRTOS/queue.o (memcpy)
c:/ac6/systemworkbench/plugins/fr.ac6.mcu.externaltools.arm-none.win32_1.17.0.201812190825/tools/compiler/bin/../lib/gcc/arm-none-eabi/7.3.1/../../../../arm-none-eabi/lib/thumb/v7e-m/fpv4-sp/hard\libc.a(lib_a-memset.o)
                              c:/ac6/systemworkbench/plugins/fr.ac6.mcu.externaltools.arm-none.win32_1.17.0.201812190825/tools/compiler/bin/../lib/gcc/arm-none-eabi/7.3.1/../../../../arm-none-eabi/lib/thumb/v7e-m/fpv4-sp/hard/crt0.o (memset)
c:/ac6/systemworkbench/plugins/fr.ac6.mcu.externaltools.arm-none.win32_1.17.0.201812190825/tools/compiler/bin/../lib/gcc/arm-none-eabi/7.3.1/../../../../arm-none-eabi/lib/thumb/v7e-m/fpv4-sp/hard\libc.a(lib_a-sprintf.o)
                              src/FreeRTOS/tasks.o (sprintf)
c:/ac6/systemworkbench/plugins/fr.ac6.mcu.externaltools.arm-none.win32_1.17.0.201812190825/tools/compiler/bin/../lib/gcc/arm-none-eabi/7.3.1/../../../../arm-none-eabi/lib/thumb/v7e-m/fpv4-sp/hard\libc.a(lib_a-strcpy.o)
                              src/FreeRTOS/tasks.o (strcpy)
c:/ac6/systemworkbench/plugins/fr.ac6.mcu.externaltools.arm-none.win32_1.17.0.201812190825/tools/compiler/bin/../lib/gcc/arm-none-eabi/7.3.1/../../../../arm-none-eabi/lib/thumb/v7e-m/fpv4-sp/hard\libc.a(lib_a-strlen.o)
                              src/FreeRTOS/tasks.o (strlen)
c:/ac6/systemworkbench/plugins/fr.ac6.mcu.externaltools.arm-none.win32_1.17.0.201812190825/tools/compiler/bin/../lib/gcc/arm-none-eabi/7.3.1/../../../../arm-none-eabi/lib/thumb/v7e-m/fpv4-sp/hard\libc.a(lib_a-svfprintf.o)
                              c:/ac6/systemworkbench/plugins/fr.ac6.mcu.externaltools.arm-none.win32_1.17.0.201812190825/tools/compiler/bin/../lib/gcc/arm-none-eabi/7.3.1/../../../../arm-none-eabi/lib/thumb/v7e-m/fpv4-sp/hard\libc.a(lib_a-sprintf.o) (_svfprintf_r)
c:/ac6/systemworkbench/plugins/fr.ac6.mcu.externaltools.arm-none.win32_1.17.0.201812190825/tools/compiler/bin/../lib/gcc/arm-none-eabi/7.3.1/../../../../arm-none-eabi/lib/thumb/v7e-m/fpv4-sp/hard\libc.a(lib_a-__call_atexit.o)
                              c:/ac6/systemworkbench/plugins/fr.ac6.mcu.externaltools.arm-none.win32_1.17.0.201812190825/tools/compiler/bin/../lib/gcc/arm-none-eabi/7.3.1/../../../../arm-none-eabi/lib/thumb/v7e-m/fpv4-sp/hard\libc.a(lib_a-exit.o) (__call_exitprocs)
c:/ac6/systemworkbench/plugins/fr.ac6.mcu.externaltools.arm-none.win32_1.17.0.201812190825/tools/compiler/bin/../lib/gcc/arm-none-eabi/7.3.1/../../../../arm-none-eabi/lib/thumb/v7e-m/fpv4-sp/hard\libc.a(lib_a-atexit.o)
                              c:/ac6/systemworkbench/plugins/fr.ac6.mcu.externaltools.arm-none.win32_1.17.0.201812190825/tools/compiler/bin/../lib/gcc/arm-none-eabi/7.3.1/../../../../arm-none-eabi/lib/thumb/v7e-m/fpv4-sp/hard\libc.a(lib_a-__call_atexit.o) (atexit)
[...]
Memory Configuration

Name             Origin             Length             Attributes
RAM              0x20000000         0x00020000         xrw
ROM              0x08000000         0x00080000         xr
*default*        0x00000000         0xffffffff

Linker script and memory map

LOAD c:/ac6/systemworkbench/plugins/fr.ac6.mcu.externaltools.arm-none.win32_1.17.0.201812190825/tools/compiler/bin/../lib/gcc/arm-none-eabi/7.3.1/thumb/v7e-m/fpv4-sp/hard/crti.o
LOAD c:/ac6/systemworkbench/plugins/fr.ac6.mcu.externaltools.arm-none.win32_1.17.0.201812190825/tools/compiler/bin/../lib/gcc/arm-none-eabi/7.3.1/thumb/v7e-m/fpv4-sp/hard/crtbegin.o
LOAD c:/ac6/systemworkbench/plugins/fr.ac6.mcu.externaltools.arm-none.win32_1.17.0.201812190825/tools/compiler/bin/../lib/gcc/arm-none-eabi/7.3.1/../../../../arm-none-eabi/lib/thumb/v7e-m/fpv4-sp/hard/crt0.o
LOAD src/FreeRTOS/croutine.o
LOAD src/FreeRTOS/event_groups.o
LOAD src/FreeRTOS/list.o
LOAD src/FreeRTOS/queue.o
LOAD src/FreeRTOS/stream_buffer.o
LOAD src/FreeRTOS/tasks.o
LOAD src/FreeRTOS/timers.o
LOAD src/FreeRTOS/portable/GCC/ARM_CM4F/port.o
LOAD src/FreeRTOS/portable/MemMang/heap_4.o
LOAD src/main.o
LOAD src/syscalls.o
LOAD src/system_stm32f4xx.o
LOAD startup/startup_stm32.o
LOAD C:\work\workspace_stm\nucleo-f446re_stdperiph_lib\Debug\libnucleo-f446re_stdperiph_lib.a
LOAD c:/ac6/systemworkbench/plugins/fr.ac6.mcu.externaltools.arm-none.win32_1.17.0.201812190825/tools/compiler/bin/../lib/gcc/arm-none-eabi/7.3.1/../../../../arm-none-eabi/lib/thumb/v7e-m/fpv4-sp/hard\libm.a
START GROUP
LOAD c:/ac6/systemworkbench/plugins/fr.ac6.mcu.externaltools.arm-none.win32_1.17.0.201812190825/tools/compiler/bin/../lib/gcc/arm-none-eabi/7.3.1/thumb/v7e-m/fpv4-sp/hard\libgcc.a
LOAD c:/ac6/systemworkbench/plugins/fr.ac6.mcu.externaltools.arm-none.win32_1.17.0.201812190825/tools/compiler/bin/../lib/gcc/arm-none-eabi/7.3.1/../../../../arm-none-eabi/lib/thumb/v7e-m/fpv4-sp/hard\libc.a
END GROUP
LOAD c:/ac6/systemworkbench/plugins/fr.ac6.mcu.externaltools.arm-none.win32_1.17.0.201812190825/tools/compiler/bin/../lib/gcc/arm-none-eabi/7.3.1/thumb/v7e-m/fpv4-sp/hard/crtend.o
LOAD c:/ac6/systemworkbench/plugins/fr.ac6.mcu.externaltools.arm-none.win32_1.17.0.201812190825/tools/compiler/bin/../lib/gcc/arm-none-eabi/7.3.1/thumb/v7e-m/fpv4-sp/hard/crtn.o
                0x20020000                _estack = 0x20020000
                0x00000000                _Min_Heap_Size = 0x0
                0x00000400                _Min_Stack_Size = 0x400

.isr_vector     0x08000000      0x1c4
                0x08000000                . = ALIGN (0x4)
 *(.isr_vector)
 .isr_vector    0x08000000      0x1c4 startup/startup_stm32.o
                0x08000000                g_pfnVectors
                0x080001c4                . = ALIGN (0x4)

.text           0x080001d0      0x788
                0x080001d0                . = ALIGN (0x4)
 *(.text)
 .text          0x080001d0       0x40 c:/ac6/systemworkbench/plugins/fr.ac6.mcu.externaltools.arm-none.win32_1.17.0.201812190825/tools/compiler/bin/../lib/gcc/arm-none-eabi/7.3.1/thumb/v7e-m/fpv4-sp/hard/crtbegin.o
 *(.text*)
 .text.vListInsertEnd
                0x08000210       0x48 src/FreeRTOS/list.o
                0x08000210                vListInsertEnd
 .text.uxListRemove
                0x08000258       0x54 src/FreeRTOS/list.o
                0x08000258                uxListRemove
 .text.xTaskIncrementTick
                0x080002ac      0x150 src/FreeRTOS/tasks.o
                0x080002ac                xTaskIncrementTick
 .text.vTaskSwitchContext
                0x080003fc       0xc8 src/FreeRTOS/tasks.o
                0x080003fc                vTaskSwitchContext
 .text.prvResetNextTaskUnblockTime
                0x080004c4       0x40 src/FreeRTOS/tasks.o
 *fill*         0x08000504        0xc 
 .text.SVC_Handler
                0x08000510       0x28 src/FreeRTOS/portable/GCC/ARM_CM4F/port.o
                0x08000510                SVC_Handler
 *fill*         0x08000538        0x8 
 .text.PendSV_Handler
                0x08000540       0x68 src/FreeRTOS/portable/GCC/ARM_CM4F/port.o
                0x08000540                PendSV_Handler
 .text.SysTick_Handler
                0x080005a8       0x40 src/FreeRTOS/portable/GCC/ARM_CM4F/port.o
                0x080005a8                SysTick_Handler
 .text.main     0x080005e8        0x6 src/main.o
                0x080005e8                main
 *fill*         0x080005ee        0x2 
 .text.SystemInit
                0x080005f0       0x6c src/system_stm32f4xx.o
                0x080005f0                SystemInit
 .text.SetSysClock
                0x0800065c      0x12c src/system_stm32f4xx.o
 .text.Reset_Handler
                0x08000788       0x50 startup/startup_stm32.o
                0x08000788                Reset_Handler
 .text.Default_Handler
                0x080007d8        0x2 startup/startup_stm32.o
                0x080007d8                RTC_Alarm_IRQHandler
                0x080007d8                EXTI2_IRQHandler
                0x080007d8                TIM8_CC_IRQHandler
                0x080007d8                SPDIF_Rx_IRQHandler
                0x080007d8                DebugMon_Handler
                0x080007d8                SPI4_IRQHandler
                0x080007d8                TIM1_CC_IRQHandler
                0x080007d8                QuadSPI_IRQHandler
                0x080007d8                DMA2_Stream5_IRQHandler
                0x080007d8                HardFault_Handler
                0x080007d8                DMA1_Stream5_IRQHandler
                0x080007d8                PVD_IRQHandler
                0x080007d8                SDIO_IRQHandler
                0x080007d8                TAMP_STAMP_IRQHandler
                0x080007d8                NMI_Handler
                0x080007d8                CAN2_RX1_IRQHandler
                0x080007d8                EXTI3_IRQHandler
                0x080007d8                TIM8_TRG_COM_TIM14_IRQHandler
                0x080007d8                TIM1_UP_TIM10_IRQHandler
                0x080007d8                FMPI2C1_error_IRQHandler
                0x080007d8                TIM8_UP_TIM13_IRQHandler
                0x080007d8                I2C3_ER_IRQHandler
                0x080007d8                EXTI0_IRQHandler
                0x080007d8                I2C2_EV_IRQHandler
                0x080007d8                DMA1_Stream2_IRQHandler
                0x080007d8                CAN1_RX0_IRQHandler
                0x080007d8                FPU_IRQHandler
                0x080007d8                OTG_HS_WKUP_IRQHandler
                0x080007d8                UsageFault_Handler
                0x080007d8                CAN2_SCE_IRQHandler
                0x080007d8                DMA2_Stream2_IRQHandler
                0x080007d8                SPI1_IRQHandler
                0x080007d8                TIM6_DAC_IRQHandler
                0x080007d8                TIM1_BRK_TIM9_IRQHandler
                0x080007d8                DCMI_IRQHandler
                0x080007d8                CAN2_RX0_IRQHandler
                0x080007d8                DMA2_Stream3_IRQHandler
                0x080007d8                FMPI2C1_IRQHandler
                0x080007d8                SAI2_IRQHandler
                0x080007d8                USART6_IRQHandler
                0x080007d8                USART3_IRQHandler
                0x080007d8                CAN1_RX1_IRQHandler
                0x080007d8                UART5_IRQHandler
                0x080007d8                DMA2_Stream0_IRQHandler
                0x080007d8                TIM4_IRQHandler
                0x080007d8                I2C1_EV_IRQHandler
                0x080007d8                HDMI_CEC_IRQHandler
                0x080007d8                DMA1_Stream6_IRQHandler
                0x080007d8                DMA1_Stream1_IRQHandler
                0x080007d8                UART4_IRQHandler
                0x080007d8                TIM3_IRQHandler
                0x080007d8                RCC_IRQHandler
                0x080007d8                TIM8_BRK_TIM12_IRQHandler
                0x080007d8                Default_Handler
                0x080007d8                EXTI15_10_IRQHandler
                0x080007d8                ADC_IRQHandler
                0x080007d8                DMA1_Stream7_IRQHandler
                0x080007d8                TIM7_IRQHandler
                0x080007d8                CAN2_TX_IRQHandler
                0x080007d8                TIM5_IRQHandler
                0x080007d8                DMA2_Stream7_IRQHandler
                0x080007d8                I2C3_EV_IRQHandler
                0x080007d8                EXTI9_5_IRQHandler
                0x080007d8                RTC_WKUP_IRQHandler
                0x080007d8                SPI2_IRQHandler
                0x080007d8                OTG_HS_EP1_IN_IRQHandler
                0x080007d8                MemManage_Handler
                0x080007d8                DMA1_Stream0_IRQHandler
                0x080007d8                CAN1_TX_IRQHandler
                0x080007d8                EXTI4_IRQHandler
                0x080007d8                OTG_HS_EP1_OUT_IRQHandler
                0x080007d8                WWDG_IRQHandler
                0x080007d8                TIM2_IRQHandler
                0x080007d8                OTG_FS_WKUP_IRQHandler
                0x080007d8                TIM1_TRG_COM_TIM11_IRQHandler
                0x080007d8                OTG_HS_IRQHandler
                0x080007d8                EXTI1_IRQHandler
                0x080007d8                USART2_IRQHandler
                0x080007d8                I2C2_ER_IRQHandler
                0x080007d8                DMA2_Stream1_IRQHandler
                0x080007d8                CAN1_SCE_IRQHandler
                0x080007d8                FLASH_IRQHandler
                0x080007d8                DMA2_Stream4_IRQHandler
                0x080007d8                BusFault_Handler
                0x080007d8                USART1_IRQHandler
                0x080007d8                OTG_FS_IRQHandler
                0x080007d8                SPI3_IRQHandler
                0x080007d8                DMA1_Stream4_IRQHandler
                0x080007d8                I2C1_ER_IRQHandler
                0x080007d8                FMC_IRQHandler
                0x080007d8                DMA2_Stream6_IRQHandler
                0x080007d8                SAI1_IRQHandler
                0x080007d8                DMA1_Stream3_IRQHandler
 *fill*         0x080007da        0x2 
 .text.__libc_init_array
                0x080007dc       0x48 c:/ac6/systemworkbench/plugins/fr.ac6.mcu.externaltools.arm-none.win32_1.17.0.201812190825/tools/compiler/bin/../lib/gcc/arm-none-eabi/7.3.1/../../../../arm-none-eabi/lib/thumb/v7e-m/fpv4-sp/hard\libc.a(lib_a-init.o)
                0x080007dc                __libc_init_array
 .text.startup.register_fini
                0x08000824       0x14 c:/ac6/systemworkbench/plugins/fr.ac6.mcu.externaltools.arm-none.win32_1.17.0.201812190825/tools/compiler/bin/../lib/gcc/arm-none-eabi/7.3.1/../../../../arm-none-eabi/lib/thumb/v7e-m/fpv4-sp/hard\libc.a(lib_a-__call_atexit.o)
 .text.atexit   0x08000838        0xc c:/ac6/systemworkbench/plugins/fr.ac6.mcu.externaltools.arm-none.win32_1.17.0.201812190825/tools/compiler/bin/../lib/gcc/arm-none-eabi/7.3.1/../../../../arm-none-eabi/lib/thumb/v7e-m/fpv4-sp/hard\libc.a(lib_a-atexit.o)
                0x08000838                atexit
 .text.__libc_fini_array
                0x08000844       0x34 c:/ac6/systemworkbench/plugins/fr.ac6.mcu.externaltools.arm-none.win32_1.17.0.201812190825/tools/compiler/bin/../lib/gcc/arm-none-eabi/7.3.1/../../../../arm-none-eabi/lib/thumb/v7e-m/fpv4-sp/hard\libc.a(lib_a-fini.o)
                0x08000844                __libc_fini_array
 .text.__retarget_lock_acquire_recursive
                0x08000878        0x4 c:/ac6/systemworkbench/plugins/fr.ac6.mcu.externaltools.arm-none.win32_1.17.0.201812190825/tools/compiler/bin/../lib/gcc/arm-none-eabi/7.3.1/../../../../arm-none-eabi/lib/thumb/v7e-m/fpv4-sp/hard\libc.a(lib_a-lock.o)
                0x08000878                __retarget_lock_acquire_recursive
 .text.__retarget_lock_release_recursive
                0x0800087c        0x4 c:/ac6/systemworkbench/plugins/fr.ac6.mcu.externaltools.arm-none.win32_1.17.0.201812190825/tools/compiler/bin/../lib/gcc/arm-none-eabi/7.3.1/../../../../arm-none-eabi/lib/thumb/v7e-m/fpv4-sp/hard\libc.a(lib_a-lock.o)
                0x0800087c                __retarget_lock_release_recursive
 .text.__register_exitproc
                0x08000880       0xc0 c:/ac6/systemworkbench/plugins/fr.ac6.mcu.externaltools.arm-none.win32_1.17.0.201812190825/tools/compiler/bin/../lib/gcc/arm-none-eabi/7.3.1/../../../../arm-none-eabi/lib/thumb/v7e-m/fpv4-sp/hard\libc.a(lib_a-__atexit.o)
                0x08000880                __register_exitproc
 *(.glue_7)
 .glue_7        0x08000940        0x0 linker stubs
 *(.glue_7t)
 .glue_7t       0x08000940        0x0 linker stubs
 *(.eh_frame)
 .eh_frame      0x08000940        0x0 c:/ac6/systemworkbench/plugins/fr.ac6.mcu.externaltools.arm-none.win32_1.17.0.201812190825/tools/compiler/bin/../lib/gcc/arm-none-eabi/7.3.1/thumb/v7e-m/fpv4-sp/hard/crtbegin.o
 *(.init)
 .init          0x08000940        0x4 c:/ac6/systemworkbench/plugins/fr.ac6.mcu.externaltools.arm-none.win32_1.17.0.201812190825/tools/compiler/bin/../lib/gcc/arm-none-eabi/7.3.1/thumb/v7e-m/fpv4-sp/hard/crti.o
                0x08000940                _init
 .init          0x08000944        0x8 c:/ac6/systemworkbench/plugins/fr.ac6.mcu.externaltools.arm-none.win32_1.17.0.201812190825/tools/compiler/bin/../lib/gcc/arm-none-eabi/7.3.1/thumb/v7e-m/fpv4-sp/hard/crtn.o
 *(.fini)
 .fini          0x0800094c        0x4 c:/ac6/systemworkbench/plugins/fr.ac6.mcu.externaltools.arm-none.win32_1.17.0.201812190825/tools/compiler/bin/../lib/gcc/arm-none-eabi/7.3.1/thumb/v7e-m/fpv4-sp/hard/crti.o
                0x0800094c                _fini
 .fini          0x08000950        0x8 c:/ac6/systemworkbench/plugins/fr.ac6.mcu.externaltools.arm-none.win32_1.17.0.201812190825/tools/compiler/bin/../lib/gcc/arm-none-eabi/7.3.1/thumb/v7e-m/fpv4-sp/hard/crtn.o
                0x08000958                . = ALIGN (0x4)
                0x08000958                _etext = .

.vfp11_veneer   0x08000958        0x0
 .vfp11_veneer  0x08000958        0x0 linker stubs

.v4_bx          0x08000958        0x0
 .v4_bx         0x08000958        0x0 linker stubs

.iplt           0x08000958        0x0
 .iplt          0x08000958        0x0 c:/ac6/systemworkbench/plugins/fr.ac6.mcu.externaltools.arm-none.win32_1.17.0.201812190825/tools/compiler/bin/../lib/gcc/arm-none-eabi/7.3.1/thumb/v7e-m/fpv4-sp/hard/crtbegin.o

.rodata         0x08000958        0x4
                0x08000958                . = ALIGN (0x4)
 *(.rodata)
 *(.rodata*)
 .rodata._global_impure_ptr
                0x08000958        0x4 c:/ac6/systemworkbench/plugins/fr.ac6.mcu.externaltools.arm-none.win32_1.17.0.201812190825/tools/compiler/bin/../lib/gcc/arm-none-eabi/7.3.1/../../../../arm-none-eabi/lib/thumb/v7e-m/fpv4-sp/hard\libc.a(lib_a-impure.o)
                0x08000958                _global_impure_ptr
                0x0800095c                . = ALIGN (0x4)

.rel.dyn        0x0800095c        0x0
 .rel.iplt      0x0800095c        0x0 c:/ac6/systemworkbench/plugins/fr.ac6.mcu.externaltools.arm-none.win32_1.17.0.201812190825/tools/compiler/bin/../lib/gcc/arm-none-eabi/7.3.1/thumb/v7e-m/fpv4-sp/hard/crtbegin.o

.ARM.extab      0x0800095c        0x0
                0x0800095c                . = ALIGN (0x4)
 *(.ARM.extab* .gnu.linkonce.armextab.*)
                0x0800095c                . = ALIGN (0x4)

.ARM            0x0800095c        0x0
                0x0800095c                . = ALIGN (0x4)
                0x0800095c                __exidx_start = .
 *(.ARM.exidx*)
                0x0800095c                __exidx_end = .
                0x0800095c                . = ALIGN (0x4)

.preinit_array  0x0800095c        0x0
                0x0800095c                . = ALIGN (0x4)
                0x0800095c                PROVIDE (__preinit_array_start = .)
 *(.preinit_array*)
                0x0800095c                PROVIDE (__preinit_array_end = .)
                0x0800095c                . = ALIGN (0x4)

.init_array     0x0800095c        0x8
                0x0800095c                . = ALIGN (0x4)
                0x0800095c                PROVIDE (__init_array_start = .)
 *(SORT_BY_NAME(.init_array.*))
 .init_array.00000
                0x0800095c        0x4 c:/ac6/systemworkbench/plugins/fr.ac6.mcu.externaltools.arm-none.win32_1.17.0.201812190825/tools/compiler/bin/../lib/gcc/arm-none-eabi/7.3.1/../../../../arm-none-eabi/lib/thumb/v7e-m/fpv4-sp/hard\libc.a(lib_a-__call_atexit.o)
 *(.init_array*)
 .init_array    0x08000960        0x4 c:/ac6/systemworkbench/plugins/fr.ac6.mcu.externaltools.arm-none.win32_1.17.0.201812190825/tools/compiler/bin/../lib/gcc/arm-none-eabi/7.3.1/thumb/v7e-m/fpv4-sp/hard/crtbegin.o
                0x08000964                PROVIDE (__init_array_end = .)
                0x08000964                . = ALIGN (0x4)

.fini_array     0x08000964        0x4
                0x08000964                . = ALIGN (0x4)
                0x08000964                PROVIDE (__fini_array_start = .)
 *(SORT_BY_NAME(.fini_array.*))
 *(.fini_array*)
 .fini_array    0x08000964        0x4 c:/ac6/systemworkbench/plugins/fr.ac6.mcu.externaltools.arm-none.win32_1.17.0.201812190825/tools/compiler/bin/../lib/gcc/arm-none-eabi/7.3.1/thumb/v7e-m/fpv4-sp/hard/crtbegin.o
                0x08000968                PROVIDE (__fini_array_end = .)
                0x08000968                . = ALIGN (0x4)
                0x08000968                _sidata = LOADADDR (.data)

.data           0x20000000      0x42c load address 0x08000968
                0x20000000                . = ALIGN (0x4)
                0x20000000                _sdata = .
 *(.data)
 *(.data*)
 .data.impure_data
                0x20000000      0x428 c:/ac6/systemworkbench/plugins/fr.ac6.mcu.externaltools.arm-none.win32_1.17.0.201812190825/tools/compiler/bin/../lib/gcc/arm-none-eabi/7.3.1/../../../../arm-none-eabi/lib/thumb/v7e-m/fpv4-sp/hard\libc.a(lib_a-impure.o)
 .data.__atexit_recursive_mutex
                0x20000428        0x4 c:/ac6/systemworkbench/plugins/fr.ac6.mcu.externaltools.arm-none.win32_1.17.0.201812190825/tools/compiler/bin/../lib/gcc/arm-none-eabi/7.3.1/../../../../arm-none-eabi/lib/thumb/v7e-m/fpv4-sp/hard\libc.a(lib_a-__call_atexit.o)
                0x20000428                __atexit_recursive_mutex
                0x2000042c                . = ALIGN (0x4)
                0x2000042c                _edata = .

.igot.plt       0x2000042c        0x0 load address 0x08000d94
 .igot.plt      0x2000042c        0x0 c:/ac6/systemworkbench/plugins/fr.ac6.mcu.externaltools.arm-none.win32_1.17.0.201812190825/tools/compiler/bin/../lib/gcc/arm-none-eabi/7.3.1/thumb/v7e-m/fpv4-sp/hard/crtbegin.o
                0x2000042c                . = ALIGN (0x4)

.bss            0x2000042c      0x138 load address 0x08000d94
                0x2000042c                _sbss = .
                0x2000042c                __bss_start__ = _sbss
 *(.bss)
 .bss           0x2000042c       0x1c c:/ac6/systemworkbench/plugins/fr.ac6.mcu.externaltools.arm-none.win32_1.17.0.201812190825/tools/compiler/bin/../lib/gcc/arm-none-eabi/7.3.1/thumb/v7e-m/fpv4-sp/hard/crtbegin.o
 .bss           0x20000448       0xf4 src/FreeRTOS/tasks.o
                0x20000448                pxCurrentTCB
 *(.bss*)
 *(COMMON)
 COMMON         0x2000053c        0x4 src/main.o
                0x2000053c                ulRunTimeStatsClock
 COMMON         0x20000540       0x21 c:/ac6/systemworkbench/plugins/fr.ac6.mcu.externaltools.arm-none.win32_1.17.0.201812190825/tools/compiler/bin/../lib/gcc/arm-none-eabi/7.3.1/../../../../arm-none-eabi/lib/thumb/v7e-m/fpv4-sp/hard\libc.a(lib_a-lock.o)
                0x20000540                __lock___atexit_recursive_mutex
                0x20000544                __lock___arc4random_mutex
                0x20000548                __lock___env_recursive_mutex
                0x2000054c                __lock___sinit_recursive_mutex
                0x20000550                __lock___malloc_recursive_mutex
                0x20000554                __lock___at_quick_exit_mutex
                0x20000558                __lock___dd_hash_mutex
                0x2000055c                __lock___tz_mutex
                0x20000560                __lock___sfp_recursive_mutex
                0x20000564                . = ALIGN (0x4)
 *fill*         0x20000561        0x3 
                0x20000564                _ebss = .
                0x20000564                __bss_end__ = _ebss

._user_heap_stack
                0x20000564      0x404 load address 0x08000d94
                0x20000568                . = ALIGN (0x8)
 *fill*         0x20000564        0x4 
                0x20000568                PROVIDE (end = .)
                [!provide]                PROVIDE (_end = .)
                0x20000568                . = (. + _Min_Heap_Size)
                0x20000968                . = (. + _Min_Stack_Size)
 *fill*         0x20000568      0x400 
                0x20000968                . = ALIGN (0x8)

/DISCARD/
 libc.a(*)
 libm.a(*)
 libgcc.a(*)

.ARM.attributes
                0x00000000       0x30
 *(.ARM.attributes)
 .ARM.attributes
                0x00000000       0x22 c:/ac6/systemworkbench/plugins/fr.ac6.mcu.externaltools.arm-none.win32_1.17.0.201812190825/tools/compiler/bin/../lib/gcc/arm-none-eabi/7.3.1/thumb/v7e-m/fpv4-sp/hard/crti.o
 .ARM.attributes
                0x00000022       0x34 c:/ac6/systemworkbench/plugins/fr.ac6.mcu.externaltools.arm-none.win32_1.17.0.201812190825/tools/compiler/bin/../lib/gcc/arm-none-eabi/7.3.1/thumb/v7e-m/fpv4-sp/hard/crtbegin.o
 .ARM.attributes
                0x00000056       0x39 src/FreeRTOS/list.o
 .ARM.attributes
                0x0000008f       0x39 src/FreeRTOS/tasks.o
 .ARM.attributes
                0x000000c8       0x39 src/FreeRTOS/portable/GCC/ARM_CM4F/port.o
 .ARM.attributes
                0x00000101       0x39 src/main.o
 .ARM.attributes
                0x0000013a       0x39 src/system_stm32f4xx.o
 .ARM.attributes
                0x00000173       0x21 startup/startup_stm32.o
 .ARM.attributes
                0x00000194       0x34 c:/ac6/systemworkbench/plugins/fr.ac6.mcu.externaltools.arm-none.win32_1.17.0.201812190825/tools/compiler/bin/../lib/gcc/arm-none-eabi/7.3.1/../../../../arm-none-eabi/lib/thumb/v7e-m/fpv4-sp/hard\libc.a(lib_a-impure.o)
 .ARM.attributes
                0x000001c8       0x34 c:/ac6/systemworkbench/plugins/fr.ac6.mcu.externaltools.arm-none.win32_1.17.0.201812190825/tools/compiler/bin/../lib/gcc/arm-none-eabi/7.3.1/../../../../arm-none-eabi/lib/thumb/v7e-m/fpv4-sp/hard\libc.a(lib_a-init.o)
 .ARM.attributes
                0x000001fc       0x34 c:/ac6/systemworkbench/plugins/fr.ac6.mcu.externaltools.arm-none.win32_1.17.0.201812190825/tools/compiler/bin/../lib/gcc/arm-none-eabi/7.3.1/../../../../arm-none-eabi/lib/thumb/v7e-m/fpv4-sp/hard\libc.a(lib_a-__call_atexit.o)
 .ARM.attributes
                0x00000230       0x34 c:/ac6/systemworkbench/plugins/fr.ac6.mcu.externaltools.arm-none.win32_1.17.0.201812190825/tools/compiler/bin/../lib/gcc/arm-none-eabi/7.3.1/../../../../arm-none-eabi/lib/thumb/v7e-m/fpv4-sp/hard\libc.a(lib_a-atexit.o)
 .ARM.attributes
                0x00000264       0x34 c:/ac6/systemworkbench/plugins/fr.ac6.mcu.externaltools.arm-none.win32_1.17.0.201812190825/tools/compiler/bin/../lib/gcc/arm-none-eabi/7.3.1/../../../../arm-none-eabi/lib/thumb/v7e-m/fpv4-sp/hard\libc.a(lib_a-fini.o)
 .ARM.attributes
                0x00000298       0x34 c:/ac6/systemworkbench/plugins/fr.ac6.mcu.externaltools.arm-none.win32_1.17.0.201812190825/tools/compiler/bin/../lib/gcc/arm-none-eabi/7.3.1/../../../../arm-none-eabi/lib/thumb/v7e-m/fpv4-sp/hard\libc.a(lib_a-lock.o)
 .ARM.attributes
                0x000002cc       0x34 c:/ac6/systemworkbench/plugins/fr.ac6.mcu.externaltools.arm-none.win32_1.17.0.201812190825/tools/compiler/bin/../lib/gcc/arm-none-eabi/7.3.1/../../../../arm-none-eabi/lib/thumb/v7e-m/fpv4-sp/hard\libc.a(lib_a-__atexit.o)
 .ARM.attributes
                0x00000300       0x22 c:/ac6/systemworkbench/plugins/fr.ac6.mcu.externaltools.arm-none.win32_1.17.0.201812190825/tools/compiler/bin/../lib/gcc/arm-none-eabi/7.3.1/thumb/v7e-m/fpv4-sp/hard/crtn.o
OUTPUT(tetris_446re.elf elf32-littlearm)

.debug_info     0x00000000     0x374c
 .debug_info    0x00000000      0xb0d src/FreeRTOS/list.o
 .debug_info    0x00000b0d     0x21da src/FreeRTOS/tasks.o
 .debug_info    0x00002ce7      0x32f src/FreeRTOS/portable/GCC/ARM_CM4F/port.o
 .debug_info    0x00003016       0xf3 src/main.o
 .debug_info    0x00003109      0x621 src/system_stm32f4xx.o
 .debug_info    0x0000372a       0x22 startup/startup_stm32.o

.debug_abbrev   0x00000000      0x989
 .debug_abbrev  0x00000000      0x205 src/FreeRTOS/list.o
 .debug_abbrev  0x00000205      0x39e src/FreeRTOS/tasks.o
 .debug_abbrev  0x000005a3      0x1ed src/FreeRTOS/portable/GCC/ARM_CM4F/port.o
 .debug_abbrev  0x00000790       0x8a src/main.o
 .debug_abbrev  0x0000081a      0x15d src/system_stm32f4xx.o
 .debug_abbrev  0x00000977       0x12 startup/startup_stm32.o

.debug_aranges  0x00000000      0x310
 .debug_aranges
                0x00000000       0x40 src/FreeRTOS/list.o
 .debug_aranges
                0x00000040      0x1e0 src/FreeRTOS/tasks.o
 .debug_aranges
                0x00000220       0x78 src/FreeRTOS/portable/GCC/ARM_CM4F/port.o
 .debug_aranges
                0x00000298       0x20 src/main.o
 .debug_aranges
                0x000002b8       0x30 src/system_stm32f4xx.o
 .debug_aranges
                0x000002e8       0x28 startup/startup_stm32.o

.debug_ranges   0x00000000      0x2b8
 .debug_ranges  0x00000000       0x30 src/FreeRTOS/list.o
 .debug_ranges  0x00000030      0x1d0 src/FreeRTOS/tasks.o
 .debug_ranges  0x00000200       0x68 src/FreeRTOS/portable/GCC/ARM_CM4F/port.o
 .debug_ranges  0x00000268       0x10 src/main.o
 .debug_ranges  0x00000278       0x20 src/system_stm32f4xx.o
 .debug_ranges  0x00000298       0x20 startup/startup_stm32.o

.debug_macro    0x00000000     0x1377
 .debug_macro   0x00000000      0x30a src/FreeRTOS/list.o
 .debug_macro   0x0000030a      0x4bc src/FreeRTOS/tasks.o
 .debug_macro   0x000007c6       0x10 src/FreeRTOS/tasks.o
 .debug_macro   0x000007d6       0x1c src/FreeRTOS/tasks.o
 .debug_macro   0x000007f2       0x10 src/FreeRTOS/tasks.o
 .debug_macro   0x00000802       0x10 src/FreeRTOS/tasks.o
 .debug_macro   0x00000812       0x1c src/FreeRTOS/tasks.o
 .debug_macro   0x0000082e       0x52 src/FreeRTOS/tasks.o
 .debug_macro   0x00000880       0x40 src/FreeRTOS/tasks.o
 .debug_macro   0x000008c0       0x10 src/FreeRTOS/tasks.o
 .debug_macro   0x000008d0       0x40 src/FreeRTOS/tasks.o
 .debug_macro   0x00000910       0xd7 src/FreeRTOS/tasks.o
 .debug_macro   0x000009e7       0x1c src/FreeRTOS/tasks.o
 .debug_macro   0x00000a03       0x3d src/FreeRTOS/tasks.o
 .debug_macro   0x00000a40       0x16 src/FreeRTOS/tasks.o
 .debug_macro   0x00000a56      0x16f src/FreeRTOS/tasks.o
 .debug_macro   0x00000bc5      0x326 src/FreeRTOS/portable/GCC/ARM_CM4F/port.o
 .debug_macro   0x00000eeb      0x273 src/main.o
 .debug_macro   0x0000115e      0x219 src/system_stm32f4xx.o

.debug_line     0x00000000     0x3382
 .debug_line    0x00000000      0x8b1 src/FreeRTOS/list.o
 .debug_line    0x000008b1     0x1275 src/FreeRTOS/tasks.o
 .debug_line    0x00001b26      0x904 src/FreeRTOS/portable/GCC/ARM_CM4F/port.o
 .debug_line    0x0000242a      0x7c2 src/main.o
 .debug_line    0x00002bec      0x71a src/system_stm32f4xx.o
 .debug_line    0x00003306       0x7c startup/startup_stm32.o

.debug_str      0x00000000    0x778cf
 .debug_str     0x00000000    0x7328d src/FreeRTOS/list.o
                              0x73619 (size before relaxing)
 .debug_str     0x0007328d     0x355f src/FreeRTOS/tasks.o
                              0x76bc0 (size before relaxing)
 .debug_str     0x000767ec      0x71c src/FreeRTOS/portable/GCC/ARM_CM4F/port.o
                              0x716d5 (size before relaxing)
 .debug_str     0x00076f08      0x72c src/main.o
                              0x71614 (size before relaxing)
 .debug_str     0x00077634      0x272 src/system_stm32f4xx.o
                              0x6d14e (size before relaxing)
 .debug_str     0x000778a6       0x29 startup/startup_stm32.o
                                 0x52 (size before relaxing)

.comment        0x00000000       0x7f
 .comment       0x00000000       0x7f src/FreeRTOS/list.o
                                 0x80 (size before relaxing)
 .comment       0x0000007f       0x80 src/FreeRTOS/tasks.o
 .comment       0x0000007f       0x80 src/FreeRTOS/portable/GCC/ARM_CM4F/port.o
 .comment       0x0000007f       0x80 src/main.o
 .comment       0x0000007f       0x80 src/system_stm32f4xx.o

.debug_frame    0x00000000      0xce0
 .debug_frame   0x00000000       0xd8 src/FreeRTOS/list.o
 .debug_frame   0x000000d8      0x834 src/FreeRTOS/tasks.o
 .debug_frame   0x0000090c      0x170 src/FreeRTOS/portable/GCC/ARM_CM4F/port.o
 .debug_frame   0x00000a7c       0x28 src/main.o
 .debug_frame   0x00000aa4       0x7c src/system_stm32f4xx.o
 .debug_frame   0x00000b20       0x2c c:/ac6/systemworkbench/plugins/fr.ac6.mcu.externaltools.arm-none.win32_1.17.0.201812190825/tools/compiler/bin/../lib/gcc/arm-none-eabi/7.3.1/../../../../arm-none-eabi/lib/thumb/v7e-m/fpv4-sp/hard\libc.a(lib_a-init.o)
 .debug_frame   0x00000b4c       0x5c c:/ac6/systemworkbench/plugins/fr.ac6.mcu.externaltools.arm-none.win32_1.17.0.201812190825/tools/compiler/bin/../lib/gcc/arm-none-eabi/7.3.1/../../../../arm-none-eabi/lib/thumb/v7e-m/fpv4-sp/hard\libc.a(lib_a-__call_atexit.o)
 .debug_frame   0x00000ba8       0x20 c:/ac6/systemworkbench/plugins/fr.ac6.mcu.externaltools.arm-none.win32_1.17.0.201812190825/tools/compiler/bin/../lib/gcc/arm-none-eabi/7.3.1/../../../../arm-none-eabi/lib/thumb/v7e-m/fpv4-sp/hard\libc.a(lib_a-atexit.o)
 .debug_frame   0x00000bc8       0x34 c:/ac6/systemworkbench/plugins/fr.ac6.mcu.externaltools.arm-none.win32_1.17.0.201812190825/tools/compiler/bin/../lib/gcc/arm-none-eabi/7.3.1/../../../../arm-none-eabi/lib/thumb/v7e-m/fpv4-sp/hard\libc.a(lib_a-fini.o)
 .debug_frame   0x00000bfc       0xb0 c:/ac6/systemworkbench/plugins/fr.ac6.mcu.externaltools.arm-none.win32_1.17.0.201812190825/tools/compiler/bin/../lib/gcc/arm-none-eabi/7.3.1/../../../../arm-none-eabi/lib/thumb/v7e-m/fpv4-sp/hard\libc.a(lib_a-lock.o)
 .debug_frame   0x00000cac       0x34 c:/ac6/systemworkbench/plugins/fr.ac6.mcu.externaltools.arm-none.win32_1.17.0.201812190825/tools/compiler/bin/../lib/gcc/arm-none-eabi/7.3.1/../../../../arm-none-eabi/lib/thumb/v7e-m/fpv4-sp/hard\libc.a(lib_a-__atexit.o)
